Component: ARM Compiler 5.06 update 6 (build 750) Tool: armlink [4d35ed]

==============================================================================

Section Cross References

    startup_stm32f40_41xxx.o(STACK) refers (Special) to heapauxi.o(.text) for __use_two_region_memory
    startup_stm32f40_41xxx.o(HEAP) refers (Special) to heapauxi.o(.text) for __use_two_region_memory
    startup_stm32f40_41xxx.o(RESET) refers (Special) to heapauxi.o(.text) for __use_two_region_memory
    startup_stm32f40_41xxx.o(RESET) refers to startup_stm32f40_41xxx.o(STACK) for __initial_sp
    startup_stm32f40_41xxx.o(RESET) refers to startup_stm32f40_41xxx.o(.text) for Reset_Handler
    startup_stm32f40_41xxx.o(RESET) refers to stm32f4xx_it.o(i.NMI_Handler) for NMI_Handler
    startup_stm32f40_41xxx.o(RESET) refers to stm32f4xx_it.o(i.HardFault_Handler) for HardFault_Handler
    startup_stm32f40_41xxx.o(RESET) refers to stm32f4xx_it.o(i.MemManage_Handler) for MemManage_Handler
    startup_stm32f40_41xxx.o(RESET) refers to stm32f4xx_it.o(i.BusFault_Handler) for BusFault_Handler
    startup_stm32f40_41xxx.o(RESET) refers to stm32f4xx_it.o(i.UsageFault_Handler) for UsageFault_Handler
    startup_stm32f40_41xxx.o(RESET) refers to stm32f4xx_it.o(i.SVC_Handler) for SVC_Handler
    startup_stm32f40_41xxx.o(RESET) refers to stm32f4xx_it.o(i.DebugMon_Handler) for DebugMon_Handler
    startup_stm32f40_41xxx.o(RESET) refers to stm32f4xx_it.o(i.PendSV_Handler) for PendSV_Handler
    startup_stm32f40_41xxx.o(RESET) refers to stm32f4xx_it.o(i.SysTick_Handler) for SysTick_Handler
    startup_stm32f40_41xxx.o(RESET) refers to tm_stm32f4_exti.o(i.EXTI0_IRQHandler) for EXTI0_IRQHandler
    startup_stm32f40_41xxx.o(RESET) refers to tm_stm32f4_exti.o(i.EXTI1_IRQHandler) for EXTI1_IRQHandler
    startup_stm32f40_41xxx.o(RESET) refers to tm_stm32f4_exti.o(i.EXTI2_IRQHandler) for EXTI2_IRQHandler
    startup_stm32f40_41xxx.o(RESET) refers to tm_stm32f4_exti.o(i.EXTI3_IRQHandler) for EXTI3_IRQHandler
    startup_stm32f40_41xxx.o(RESET) refers to tm_stm32f4_exti.o(i.EXTI4_IRQHandler) for EXTI4_IRQHandler
    startup_stm32f40_41xxx.o(RESET) refers to tm_stm32f4_exti.o(i.EXTI9_5_IRQHandler) for EXTI9_5_IRQHandler
    startup_stm32f40_41xxx.o(RESET) refers to main.o(i.TIM4_IRQHandler) for TIM4_IRQHandler
    startup_stm32f40_41xxx.o(RESET) refers to tm_stm32f4_usart.o(i.USART1_IRQHandler) for USART1_IRQHandler
    startup_stm32f40_41xxx.o(RESET) refers to tm_stm32f4_usart.o(i.USART2_IRQHandler) for USART2_IRQHandler
    startup_stm32f40_41xxx.o(RESET) refers to tm_stm32f4_usart.o(i.USART3_IRQHandler) for USART3_IRQHandler
    startup_stm32f40_41xxx.o(RESET) refers to tm_stm32f4_exti.o(i.EXTI15_10_IRQHandler) for EXTI15_10_IRQHandler
    startup_stm32f40_41xxx.o(RESET) refers to tm_stm32f4_usart.o(i.UART4_IRQHandler) for UART4_IRQHandler
    startup_stm32f40_41xxx.o(RESET) refers to tm_stm32f4_usart.o(i.UART5_IRQHandler) for UART5_IRQHandler
    startup_stm32f40_41xxx.o(RESET) refers to tm_stm32f4_usart.o(i.USART6_IRQHandler) for USART6_IRQHandler
    startup_stm32f40_41xxx.o(.text) refers (Special) to heapauxi.o(.text) for __use_two_region_memory
    startup_stm32f40_41xxx.o(.text) refers to system_stm32f4xx.o(i.SystemInit) for SystemInit
    startup_stm32f40_41xxx.o(.text) refers to __main.o(!!!main) for __main
    startup_stm32f40_41xxx.o(.text) refers to startup_stm32f40_41xxx.o(HEAP) for Heap_Mem
    startup_stm32f40_41xxx.o(.text) refers to startup_stm32f40_41xxx.o(STACK) for Stack_Mem
    stm32f4xx_adc.o(i.ADC_DeInit) refers to stm32f4xx_rcc.o(i.RCC_APB2PeriphResetCmd) for RCC_APB2PeriphResetCmd
    stm32f4xx_gpio.o(i.GPIO_DeInit) refers to stm32f4xx_rcc.o(i.RCC_AHB1PeriphResetCmd) for RCC_AHB1PeriphResetCmd
    stm32f4xx_rcc.o(i.RCC_GetClocksFreq) refers to stm32f4xx_rcc.o(.data) for APBAHBPrescTable
    stm32f4xx_rcc.o(i.RCC_WaitForHSEStartUp) refers to stm32f4xx_rcc.o(i.RCC_GetFlagStatus) for RCC_GetFlagStatus
    stm32f4xx_syscfg.o(i.SYSCFG_DeInit) refers to stm32f4xx_rcc.o(i.RCC_APB2PeriphResetCmd) for RCC_APB2PeriphResetCmd
    stm32f4xx_tim.o(i.TIM_DeInit) refers to stm32f4xx_rcc.o(i.RCC_APB2PeriphResetCmd) for RCC_APB2PeriphResetCmd
    stm32f4xx_tim.o(i.TIM_DeInit) refers to stm32f4xx_rcc.o(i.RCC_APB1PeriphResetCmd) for RCC_APB1PeriphResetCmd
    stm32f4xx_tim.o(i.TIM_ETRClockMode1Config) refers to stm32f4xx_tim.o(i.TIM_ETRConfig) for TIM_ETRConfig
    stm32f4xx_tim.o(i.TIM_ETRClockMode2Config) refers to stm32f4xx_tim.o(i.TIM_ETRConfig) for TIM_ETRConfig
    stm32f4xx_tim.o(i.TIM_ICInit) refers to stm32f4xx_tim.o(i.TI1_Config) for TI1_Config
    stm32f4xx_tim.o(i.TIM_ICInit) refers to stm32f4xx_tim.o(i.TIM_SetIC1Prescaler) for TIM_SetIC1Prescaler
    stm32f4xx_tim.o(i.TIM_ICInit) refers to stm32f4xx_tim.o(i.TI2_Config) for TI2_Config
    stm32f4xx_tim.o(i.TIM_ICInit) refers to stm32f4xx_tim.o(i.TIM_SetIC2Prescaler) for TIM_SetIC2Prescaler
[...]
    dc.s                                     0x00000000   Number         0  dc.o ABSOLUTE
    RESET                                    0x08000000   Section      392  startup_stm32f40_41xxx.o(RESET)
    !!!main                                  0x08000188   Section        8  __main.o(!!!main)
    !!!scatter                               0x08000190   Section       52  __scatter.o(!!!scatter)
    !!handler_copy                           0x080001c4   Section       26  __scatter_copy.o(!!handler_copy)
    !!handler_zi                             0x080001e0   Section       28  __scatter_zi.o(!!handler_zi)
    .ARM.Collect$$libinit$$00000000          0x080001fc   Section        2  libinit.o(.ARM.Collect$$libinit$$00000000)
    .ARM.Collect$$libinit$$00000001          0x080001fe   Section        4  libinit2.o(.ARM.Collect$$libinit$$00000001)
    .ARM.Collect$$libinit$$00000004          0x08000202   Section        0  libinit2.o(.ARM.Collect$$libinit$$00000004)
    .ARM.Collect$$libinit$$0000000A          0x08000202   Section        0  libinit2.o(.ARM.Collect$$libinit$$0000000A)
    .ARM.Collect$$libinit$$0000000C          0x08000202   Section        0  libinit2.o(.ARM.Collect$$libinit$$0000000C)
    .ARM.Collect$$libinit$$0000000E          0x08000202   Section        0  libinit2.o(.ARM.Collect$$libinit$$0000000E)
    .ARM.Collect$$libinit$$00000011          0x08000202   Section        0  libinit2.o(.ARM.Collect$$libinit$$00000011)
    .ARM.Collect$$libinit$$00000013          0x08000202   Section        0  libinit2.o(.ARM.Collect$$libinit$$00000013)
    .ARM.Collect$$libinit$$00000015          0x08000202   Section        0  libinit2.o(.ARM.Collect$$libinit$$00000015)
    .ARM.Collect$$libinit$$00000017          0x08000202   Section        0  libinit2.o(.ARM.Collect$$libinit$$00000017)
    .ARM.Collect$$libinit$$00000019          0x08000202   Section        0  libinit2.o(.ARM.Collect$$libinit$$00000019)
    .ARM.Collect$$libinit$$0000001B          0x08000202   Section        0  libinit2.o(.ARM.Collect$$libinit$$0000001B)
    .ARM.Collect$$libinit$$0000001D          0x08000202   Section        0  libinit2.o(.ARM.Collect$$libinit$$0000001D)
    .ARM.Collect$$libinit$$0000001F          0x08000202   Section        0  libinit2.o(.ARM.Collect$$libinit$$0000001F)
    .ARM.Collect$$libinit$$00000021          0x08000202   Section        0  libinit2.o(.ARM.Collect$$libinit$$00000021)
    .ARM.Collect$$libinit$$00000023          0x08000202   Section        0  libinit2.o(.ARM.Collect$$libinit$$00000023)
    .ARM.Collect$$libinit$$00000025          0x08000202   Section        0  libinit2.o(.ARM.Collect$$libinit$$00000025)
    .ARM.Collect$$libinit$$0000002C          0x08000202   Section        0  libinit2.o(.ARM.Collect$$libinit$$0000002C)
    .ARM.Collect$$libinit$$0000002E          0x08000202   Section        0  libinit2.o(.ARM.Collect$$libinit$$0000002E)
    .ARM.Collect$$libinit$$00000030          0x08000202   Section        0  libinit2.o(.ARM.Collect$$libinit$$00000030)
    .ARM.Collect$$libinit$$00000032          0x08000202   Section        0  libinit2.o(.ARM.Collect$$libinit$$00000032)
    .ARM.Collect$$libinit$$00000033          0x08000202   Section        2  libinit2.o(.ARM.Collect$$libinit$$00000033)
    .ARM.Collect$$libshutdown$$00000000      0x08000204   Section        2  libshutdown.o(.ARM.Collect$$libshutdown$$00000000)
    .ARM.Collect$$libshutdown$$00000002      0x08000206   Section        0  libshutdown2.o(.ARM.Collect$$libshutdown$$00000002)
    .ARM.Collect$$libshutdown$$00000004      0x08000206   Section        0  libshutdown2.o(.ARM.Collect$$libshutdown$$00000004)
    .ARM.Collect$$libshutdown$$00000007      0x08000206   Section        0  libshutdown2.o(.ARM.Collect$$libshutdown$$00000007)
    .ARM.Collect$$libshutdown$$0000000A      0x08000206   Section        0  libshutdown2.o(.ARM.Collect$$libshutdown$$0000000A)
    .ARM.Collect$$libshutdown$$0000000C      0x08000206   Section        0  libshutdown2.o(.ARM.Collect$$libshutdown$$0000000C)
    .ARM.Collect$$libshutdown$$0000000F      0x08000206   Section        0  libshutdown2.o(.ARM.Collect$$libshutdown$$0000000F)
    .ARM.Collect$$libshutdown$$00000010      0x08000206   Section        2  libshutdown2.o(.ARM.Collect$$libshutdown$$00000010)
    .ARM.Collect$$rtentry$$00000000          0x08000208   Section        0  __rtentry.o(.ARM.Collect$$rtentry$$00000000)
    .ARM.Collect$$rtentry$$00000002          0x08000208   Section        0  __rtentry2.o(.ARM.Collect$$rtentry$$00000002)
    .ARM.Collect$$rtentry$$00000004          0x08000208   Section        6  __rtentry4.o(.ARM.Collect$$rtentry$$00000004)
    .ARM.Collect$$rtentry$$00000009          0x0800020e   Section        0  __rtentry2.o(.ARM.Collect$$rtentry$$00000009)
    .ARM.Collect$$rtentry$$0000000A          0x0800020e   Section        4  __rtentry2.o(.ARM.Collect$$rtentry$$0000000A)
    .ARM.Collect$$rtentry$$0000000C          0x08000212   Section        0  __rtentry2.o(.ARM.Collect$$rtentry$$0000000C)
    .ARM.Collect$$rtentry$$0000000D          0x08000212   Section        8  __rtentry2.o(.ARM.Collect$$rtentry$$0000000D)
    .ARM.Collect$$rtexit$$00000000           0x0800021a   Section        2  rtexit.o(.ARM.Collect$$rtexit$$00000000)
    .ARM.Collect$$rtexit$$00000002           0x0800021c   Section        0  rtexit2.o(.ARM.Collect$$rtexit$$00000002)
    .ARM.Collect$$rtexit$$00000003           0x0800021c   Section        4  rtexit2.o(.ARM.Collect$$rtexit$$00000003)
    .ARM.Collect$$rtexit$$00000004           0x08000220   Section        6  rtexit2.o(.ARM.Collect$$rtexit$$00000004)
    .text                                    0x08000228   Section       64  startup_stm32f40_41xxx.o(.text)
    $v0                                      0x08000228   Number         0  startup_stm32f40_41xxx.o(.text)
    .text                                    0x08000268   Section        0  heapauxi.o(.text)
    .text                                    0x08000270   Section        8  libspace.o(.text)
    .text                                    0x08000278   Section        2  use_no_semi.o(.text)
    .text                                    0x0800027a   Section        0  indicate_semi.o(.text)
    .text                                    0x0800027a   Section       74  sys_stackheap_outer.o(.text)
    .text                                    0x080002c4   Section        0  exit.o(.text)
    .text                                    0x080002d8   Section        0  sys_exit.o(.text)
    i.ADC_CommonInit                         0x080002e4   Section        0  stm32f4xx_adc.o(i.ADC_CommonInit)
    i.ADC_Init                               0x08000314   Section        0  stm32f4xx_adc.o(i.ADC_Init)
    i.ADC_READ_AND_CONVERT                   0x08000368   Section        0  main.o(i.ADC_READ_AND_CONVERT)
    i.ADC_RegularChannelConfig               0x0800038a   Section        0  stm32f4xx_adc.o(i.ADC_RegularChannelConfig)
    i.ALL_ADC_INIT                           0x08000444   Section        0  main.o(i.ALL_ADC_INIT)
    i.ALL_ENCODER_INIT                       0x08000464   Section        0  main.o(i.ALL_ENCODER_INIT)
    i.ALL_GPIO_INIT                          0x08000474   Section        0  main.o(i.ALL_GPIO_INIT)
    i.ALL_PWM_INIT                           0x080004b8   Section        0  main.o(i.ALL_PWM_INIT)
    i.BusFault_Handler                       0x08000548   Section        0  stm32f4xx_it.o(i.BusFault_Handler)
    i.DebugMon_Handler                       0x0800054c   Section        0  stm32f4xx_it.o(i.DebugMon_Handler)
    i.ENCODER_Read_Release                   0x0800054e   Section        0  main.o(i.ENCODER_Read_Release)
    i.EXTI0_IRQHandler                       0x0800056c   Section        0  tm_stm32f4_exti.o(i.EXTI0_IRQHandler)
    i.EXTI15_10_IRQHandler                   0x08000588   Section        0  tm_stm32f4_exti.o(i.EXTI15_10_IRQHandler)
    i.EXTI1_IRQHandler                       0x08000614   Section        0  tm_stm32f4_exti.o(i.EXTI1_IRQHandler)
    i.EXTI2_IRQHandler                       0x08000630   Section        0  tm_stm32f4_exti.o(i.EXTI2_IRQHandler)
    i.EXTI3_IRQHandler                       0x0800064c   Section        0  tm_stm32f4_exti.o(i.EXTI3_IRQHandler)
    i.EXTI4_IRQHandler                       0x08000668   Section        0  tm_stm32f4_exti.o(i.EXTI4_IRQHandler)
    i.EXTI9_5_IRQHandler                     0x08000684   Section        0  tm_stm32f4_exti.o(i.EXTI9_5_IRQHandler)
    i.Encoder1_Tim3_Init                     0x080006f4   Section        0  main.o(i.Encoder1_Tim3_Init)
    i.Encoder2_Tim2_Init                     0x08000798   Section        0  main.o(i.Encoder2_Tim2_Init)
    i.Encoder3_Tim5_Init                     0x08000860   Section        0  main.o(i.Encoder3_Tim5_Init)
    i.GPIO_Init                              0x08000908   Section        0  stm32f4xx_gpio.o(i.GPIO_Init)
    i.GPIO_PinAFConfig                       0x08000998   Section        0  stm32f4xx_gpio.o(i.GPIO_PinAFConfig)
    i.GPIO_PinMode                           0x080009de   Section        0  main.o(i.GPIO_PinMode)
    i.GPIO_ResetBits                         0x08000a20   Section        0  stm32f4xx_gpio.o(i.GPIO_ResetBits)
    i.HardFault_Handler                      0x08000a24   Section        0  stm32f4xx_it.o(i.HardFault_Handler)
    i.MemManage_Handler                      0x08000a28   Section        0  stm32f4xx_it.o(i.MemManage_Handler)
    i.Move_Down_Release                      0x08000a2c   Section        0  main.o(i.Move_Down_Release)
    i.Move_Up_Release                        0x08000aa4   Section        0  main.o(i.Move_Up_Release)
    i.NMI_Handler                            0x08000b1c   Section        0  stm32f4xx_it.o(i.NMI_Handler)
    i.NVIC_Init                              0x08000b20   Section        0  misc.o(i.NVIC_Init)
    i.NVIC_PriorityGroupConfig               0x08000b98   Section        0  misc.o(i.NVIC_PriorityGroupConfig)
    i.PID_DY_UPDATE                          0x08000bac   Section        0  main.o(i.PID_DY_UPDATE)
    i.PendSV_Handler                         0x08000cc0   Section        0  stm32f4xx_it.o(i.PendSV_Handler)
    i.RCC_AHB1PeriphClockCmd                 0x08000cc4   Section        0  stm32f4xx_rcc.o(i.RCC_AHB1PeriphClockCmd)
    i.RCC_APB1PeriphClockCmd                 0x08000ce4   Section        0  stm32f4xx_rcc.o(i.RCC_APB1PeriphClockCmd)
    i.RCC_APB1PeriphResetCmd                 0x08000d04   Section        0  stm32f4xx_rcc.o(i.RCC_APB1PeriphResetCmd)
    i.RCC_APB2PeriphResetCmd                 0x08000d24   Section        0  stm32f4xx_rcc.o(i.RCC_APB2PeriphResetCmd)
    i.RCC_GetClocksFreq                      0x08000d44   Section        0  stm32f4xx_rcc.o(i.RCC_GetClocksFreq)
    i.SVC_Handler                            0x08000e2c   Section        0  stm32f4xx_it.o(i.SVC_Handler)
    i.SetSysClock                            0x08000e30   Section        0  system_stm32f4xx.o(i.SetSysClock)
    SetSysClock                              0x08000e31   Thumb Code   220  system_stm32f4xx.o(i.SetSysClock)
    i.SysTick_Handler                        0x08000f1c   Section        0  stm32f4xx_it.o(i.SysTick_Handler)
    i.SystemInit                             0x08000f24   Section        0  system_stm32f4xx.o(i.SystemInit)
    i.TI1_Config                             0x08000f8c   Section        0  stm32f4xx_tim.o(i.TI1_Config)
    TI1_Config                               0x08000f8d   Thumb Code    58  stm32f4xx_tim.o(i.TI1_Config)
    i.TI2_Config                             0x08000fc6   Section        0  stm32f4xx_tim.o(i.TI2_Config)
    TI2_Config                               0x08000fc7   Thumb Code    80  stm32f4xx_tim.o(i.TI2_Config)
    i.TI3_Config                             0x08001016   Section        0  stm32f4xx_tim.o(i.TI3_Config)
    TI3_Config                               0x08001017   Thumb Code    72  stm32f4xx_tim.o(i.TI3_Config)
    i.TI4_Config                             0x0800105e   Section        0  stm32f4xx_tim.o(i.TI4_Config)
    TI4_Config                               0x0800105f   Thumb Code    80  stm32f4xx_tim.o(i.TI4_Config)
    i.TIM4_IRQHandler                        0x080010b0   Section        0  main.o(i.TIM4_IRQHandler)
    i.TIM_ARRPreloadConfig                   0x08001164   Section        0  stm32f4xx_tim.o(i.TIM_ARRPreloadConfig)
    i.TIM_ClearFlag                          0x0800117c   Section        0  stm32f4xx_tim.o(i.TIM_ClearFlag)
    i.TIM_ClearITPendingBit                  0x08001182   Section        0  stm32f4xx_tim.o(i.TIM_ClearITPendingBit)
    i.TIM_Cmd                                0x08001188   Section        0  stm32f4xx_tim.o(i.TIM_Cmd)
    i.TIM_CtrlPWMOutputs                     0x080011a0   Section        0  stm32f4xx_tim.o(i.TIM_CtrlPWMOutputs)
    i.TIM_DeInit                             0x080011c0   Section        0  stm32f4xx_tim.o(i.TIM_DeInit)
    i.TIM_EncoderInterfaceConfig             0x08001350   Section        0  stm32f4xx_tim.o(i.TIM_EncoderInterfaceConfig)
    i.TIM_GetITStatus                        0x08001392   Section        0  stm32f4xx_tim.o(i.TIM_GetITStatus)
    i.TIM_ICInit                             0x080013b4   Section        0  stm32f4xx_tim.o(i.TIM_ICInit)
    i.TIM_ICStructInit                       0x08001422   Section        0  stm32f4xx_tim.o(i.TIM_ICStructInit)
    i.TIM_ITConfig                           0x08001434   Section        0  stm32f4xx_tim.o(i.TIM_ITConfig)
    i.TIM_OC1Init                            0x08001448   Section        0  stm32f4xx_tim.o(i.TIM_OC1Init)
    i.TIM_OC1PreloadConfig                   0x080014c4   Section        0  stm32f4xx_tim.o(i.TIM_OC1PreloadConfig)
    i.TIM_OC2Init                            0x080014d8   Section        0  stm32f4xx_tim.o(i.TIM_OC2Init)
    i.TIM_OC2PreloadConfig                   0x0800157c   Section        0  stm32f4xx_tim.o(i.TIM_OC2PreloadConfig)
    i.TIM_OC3Init                            0x08001598   Section        0  stm32f4xx_tim.o(i.TIM_OC3Init)
    i.TIM_OC3PreloadConfig                   0x08001638   Section        0  stm32f4xx_tim.o(i.TIM_OC3PreloadConfig)
    i.TIM_OC4Init                            0x0800164c   Section        0  stm32f4xx_tim.o(i.TIM_OC4Init)
    i.TIM_OC4PreloadConfig                   0x080016c4   Section        0  stm32f4xx_tim.o(i.TIM_OC4PreloadConfig)
    i.TIM_SetCounter                         0x080016de   Section        0  stm32f4xx_tim.o(i.TIM_SetCounter)
    i.TIM_SetIC1Prescaler                    0x080016e2   Section        0  stm32f4xx_tim.o(i.TIM_SetIC1Prescaler)
    i.TIM_SetIC2Prescaler                    0x080016f4   Section        0  stm32f4xx_tim.o(i.TIM_SetIC2Prescaler)
    i.TIM_SetIC3Prescaler                    0x0800170e   Section        0  stm32f4xx_tim.o(i.TIM_SetIC3Prescaler)
    i.TIM_SetIC4Prescaler                    0x08001720   Section        0  stm32f4xx_tim.o(i.TIM_SetIC4Prescaler)
    i.TIM_TimeBaseInit                       0x0800173c   Section        0  stm32f4xx_tim.o(i.TIM_TimeBaseInit)
    i.TIM_TimeBaseStructInit                 0x080017c0   Section        0  stm32f4xx_tim.o(i.TIM_TimeBaseStructInit)
    i.TM_ADC_INT_Channel_0_Init              0x080017d4   Section        0  tm_stm32f4_adc.o(i.TM_ADC_INT_Channel_0_Init)
    i.TM_ADC_INT_Channel_10_Init             0x080017e8   Section        0  tm_stm32f4_adc.o(i.TM_ADC_INT_Channel_10_Init)
    i.TM_ADC_INT_Channel_11_Init             0x080017fc   Section        0  tm_stm32f4_adc.o(i.TM_ADC_INT_Channel_11_Init)
    i.TM_ADC_INT_Channel_12_Init             0x08001810   Section        0  tm_stm32f4_adc.o(i.TM_ADC_INT_Channel_12_Init)
    i.TM_ADC_INT_Channel_13_Init             0x08001824   Section        0  tm_stm32f4_adc.o(i.TM_ADC_INT_Channel_13_Init)
    i.TM_ADC_INT_Channel_14_Init             0x08001838   Section        0  tm_stm32f4_adc.o(i.TM_ADC_INT_Channel_14_Init)
    i.TM_ADC_INT_Channel_15_Init             0x08001874   Section        0  tm_stm32f4_adc.o(i.TM_ADC_INT_Channel_15_Init)
    i.TM_ADC_INT_Channel_1_Init              0x080018b4   Section        0  tm_stm32f4_adc.o(i.TM_ADC_INT_Channel_1_Init)
    i.TM_ADC_INT_Channel_2_Init              0x080018c8   Section        0  tm_stm32f4_adc.o(i.TM_ADC_INT_Channel_2_Init)
    i.TM_ADC_INT_Channel_3_Init              0x080018dc   Section        0  tm_stm32f4_adc.o(i.TM_ADC_INT_Channel_3_Init)
    i.TM_ADC_INT_Channel_4_Init              0x080018f0   Section        0  tm_stm32f4_adc.o(i.TM_ADC_INT_Channel_4_Init)
    i.TM_ADC_INT_Channel_5_Init              0x0800192c   Section        0  tm_stm32f4_adc.o(i.TM_ADC_INT_Channel_5_Init)
    i.TM_ADC_INT_Channel_6_Init              0x08001968   Section        0  tm_stm32f4_adc.o(i.TM_ADC_INT_Channel_6_Init)
    i.TM_ADC_INT_Channel_7_Init              0x080019a4   Section        0  tm_stm32f4_adc.o(i.TM_ADC_INT_Channel_7_Init)
    i.TM_ADC_INT_Channel_8_Init              0x080019e0   Section        0  tm_stm32f4_adc.o(i.TM_ADC_INT_Channel_8_Init)
    i.TM_ADC_INT_Channel_9_Init              0x08001a1c   Section        0  tm_stm32f4_adc.o(i.TM_ADC_INT_Channel_9_Init)
    i.TM_ADC_INT_InitPin                     0x08001a58   Section        0  tm_stm32f4_adc.o(i.TM_ADC_INT_InitPin)
    i.TM_ADC_Init                            0x08001a74   Section        0  tm_stm32f4_adc.o(i.TM_ADC_Init)
    i.TM_ADC_InitADC                         0x08001b40   Section        0  tm_stm32f4_adc.o(i.TM_ADC_InitADC)
    i.TM_ADC_Read                            0x08001be0   Section        0  tm_stm32f4_adc.o(i.TM_ADC_Read)
    i.TM_DELAY_Init                          0x08001c1c   Section        0  tm_stm32f4_delay.o(i.TM_DELAY_Init)
    i.TM_GPIO_GetPortSource                  0x08001ca4   Section        0  tm_stm32f4_gpio.o(i.TM_GPIO_GetPortSource)
    i.TM_GPIO_INT_EnableClock                0x08001cb4   Section        0  tm_stm32f4_gpio.o(i.TM_GPIO_INT_EnableClock)
    i.TM_GPIO_INT_Init                       0x08001cd4   Section        0  tm_stm32f4_gpio.o(i.TM_GPIO_INT_Init)
    i.TM_GPIO_Init                           0x08001d84   Section        0  tm_stm32f4_gpio.o(i.TM_GPIO_Init)
    i.TM_GPIO_InitAlternate                  0x08001db4   Section        0  tm_stm32f4_gpio.o(i.TM_GPIO_InitAlternate)
    i.TM_PWM_INT_InitTIM10Pins               0x08001e24   Section        0  tm_stm32f4_pwm.o(i.TM_PWM_INT_InitTIM10Pins)
    i.TM_PWM_INT_InitTIM11Pins               0x08001e80   Section        0  tm_stm32f4_pwm.o(i.TM_PWM_INT_InitTIM11Pins)
    i.TM_PWM_INT_InitTIM12Pins               0x08001edc   Section        0  tm_stm32f4_pwm.o(i.TM_PWM_INT_InitTIM12Pins)
    i.TM_PWM_INT_InitTIM13Pins               0x08001f84   Section        0  tm_stm32f4_pwm.o(i.TM_PWM_INT_InitTIM13Pins)
    i.TM_PWM_INT_InitTIM14Pins               0x08001fe4   Section        0  tm_stm32f4_pwm.o(i.TM_PWM_INT_InitTIM14Pins)
    i.TM_PWM_INT_InitTIM1Pins                0x08002044   Section        0  tm_stm32f4_pwm.o(i.TM_PWM_INT_InitTIM1Pins)
    i.TM_PWM_INT_InitTIM2Pins                0x08002170   Section        0  tm_stm32f4_pwm.o(i.TM_PWM_INT_InitTIM2Pins)
    i.TM_PWM_INT_InitTIM3Pins                0x080022b8   Section        0  tm_stm32f4_pwm.o(i.TM_PWM_INT_InitTIM3Pins)
    i.TM_PWM_INT_InitTIM4Pins                0x08002420   Section        0  tm_stm32f4_pwm.o(i.TM_PWM_INT_InitTIM4Pins)
    i.TM_PWM_INT_InitTIM5Pins                0x0800254c   Section        0  tm_stm32f4_pwm.o(i.TM_PWM_INT_InitTIM5Pins)
    i.TM_PWM_INT_InitTIM8Pins                0x0800267c   Section        0  tm_stm32f4_pwm.o(i.TM_PWM_INT_InitTIM8Pins)
    i.TM_PWM_INT_InitTIM9Pins                0x080027a0   Section        0  tm_stm32f4_pwm.o(i.TM_PWM_INT_InitTIM9Pins)
    i.TM_PWM_InitChannel                     0x0800283c   Section        0  tm_stm32f4_pwm.o(i.TM_PWM_InitChannel)
    i.TM_PWM_InitTimer                       0x0800294c   Section        0  tm_stm32f4_pwm.o(i.TM_PWM_InitTimer)
    i.TM_PWM_SetChannel                      0x08002a6c   Section        0  tm_stm32f4_pwm.o(i.TM_PWM_SetChannel)
    i.TM_PWM_SetChannelPercent               0x08002b60   Section        0  tm_stm32f4_pwm.o(i.TM_PWM_SetChannelPercent)
    i.TM_TIMER_PROPERTIES_EnableClock        0x08002bd0   Section        0  tm_stm32f4_timer_properties.o(i.TM_TIMER_PROPERTIES_EnableClock)
    i.TM_TIMER_PROPERTIES_GenerateDataForWorkingFrequency 0x08002d30   Section        0  tm_stm32f4_timer_properties.o(i.TM_TIMER_PROPERTIES_GenerateDataForWorkingFrequency)
    i.TM_TIMER_PROPERTIES_GetTimerProperties 0x08002e04   Section        0  tm_stm32f4_timer_properties.o(i.TM_TIMER_PROPERTIES_GetTimerProperties)
    i.TM_USART_INT_InsertToBuffer            0x08002ed0   Section        0  tm_stm32f4_usart.o(i.TM_USART_INT_InsertToBuffer)
    i.TimingDelay_Decrement                  0x08002ef8   Section        0  tm_stm32f4_delay.o(i.TimingDelay_Decrement)
    i.Turn_Release                           0x08002fa8   Section        0  main.o(i.Turn_Release)
    i.UART4_IRQHandler                       0x08002ff0   Section        0  tm_stm32f4_usart.o(i.UART4_IRQHandler)
    i.UART5_IRQHandler                       0x08003014   Section        0  tm_stm32f4_usart.o(i.UART5_IRQHandler)
    i.USART1_IRQHandler                      0x08003038   Section        0  tm_stm32f4_usart.o(i.USART1_IRQHandler)
    i.USART2_IRQHandler                      0x0800305c   Section        0  tm_stm32f4_usart.o(i.USART2_IRQHandler)
    i.USART3_IRQHandler                      0x08003080   Section        0  tm_stm32f4_usart.o(i.USART3_IRQHandler)
    i.USART6_IRQHandler                      0x080030a4   Section        0  tm_stm32f4_usart.o(i.USART6_IRQHandler)
    i.UsageFault_Handler                     0x080030c8   Section        0  stm32f4xx_it.o(i.UsageFault_Handler)
    i.main                                   0x080030cc   Section        0  main.o(i.main)
    i.timer4_config                          0x08003220   Section        0  main.o(i.timer4_config)
    x$fpl$dcmpinf                            0x080032b8   Section       24  dcmpi.o(x$fpl$dcmpinf)
    $v0                                      0x080032b8   Number         0  dcmpi.o(x$fpl$dcmpinf)
    x$fpl$ddiv                               0x080032d0   Section      688  ddiv.o(x$fpl$ddiv)
    $v0                                      0x080032d0   Number         0  ddiv.o(x$fpl$ddiv)
    ddiv_entry                               0x080032d7   Thumb Code     0  ddiv.o(x$fpl$ddiv)
    x$fpl$deqf                               0x08003580   Section      120  deqf.o(x$fpl$deqf)
    $v0                                      0x08003580   Number         0  deqf.o(x$fpl$deqf)
    x$fpl$dfixu                              0x080035f8   Section       90  dfixu.o(x$fpl$dfixu)
    $v0                                      0x080035f8   Number         0  dfixu.o(x$fpl$dfixu)
    x$fpl$dfltu                              0x08003652   Section       38  dflt_clz.o(x$fpl$dfltu)
    $v0                                      0x08003652   Number         0  dflt_clz.o(x$fpl$dfltu)
    x$fpl$dleqf                              0x08003678   Section      120  dleqf.o(x$fpl$dleqf)
    $v0                                      0x08003678   Number         0  dleqf.o(x$fpl$dleqf)
    x$fpl$dnaninf                            0x080036f0   Section      156  dnaninf.o(x$fpl$dnaninf)
    $v0                                      0x080036f0   Number         0  dnaninf.o(x$fpl$dnaninf)
    x$fpl$dretinf                            0x0800378c   Section       12  dretinf.o(x$fpl$dretinf)
    $v0                                      0x0800378c   Number         0  dretinf.o(x$fpl$dretinf)
    x$fpl$fpinit                             0x08003798   Section       10  fpinit.o(x$fpl$fpinit)
    $v0                                      0x08003798   Number         0  fpinit.o(x$fpl$fpinit)
    x$fpl$usenofp                            0x080037a2   Section        0  usenofp.o(x$fpl$usenofp)
    .data                                    0x20000000   Section       16  stm32f4xx_rcc.o(.data)
    APBAHBPrescTable                         0x20000000   Data          16  stm32f4xx_rcc.o(.data)
    .data                                    0x20000010   Section       17  tm_stm32f4_delay.o(.data)
    .data                                    0x20000024   Section       96  tm_stm32f4_usart.o(.data)
    .data                                    0x20000084   Section       16  main.o(.data)
    Bias                                     0x20000088   Data           4  main.o(.data)
    Last_Bias                                0x2000008c   Data           4  main.o(.data)
    Pwm                                      0x20000090   Data           4  main.o(.data)
    .data                                    0x20000094   Section       20  system_stm32f4xx.o(.data)
    .bss                                     0x200000a8   Section       24  tm_stm32f4_delay.o(.bss)
    CustomTimers                             0x200000a8   Data          24  tm_stm32f4_delay.o(.bss)
    .bss                                     0x200000c0   Section      192  tm_stm32f4_usart.o(.bss)
    .bss                                     0x20000180   Section       22  tm_stm32f4_gpio.o(.bss)
    GPIO_UsedPins                            0x20000180   Data          22  tm_stm32f4_gpio.o(.bss)
    .bss                                     0x20000198   Section      240  main.o(.bss)
    DC1                                      0x20000228   Data          20  main.o(.bss)
    DC2                                      0x2000023c   Data          20  main.o(.bss)
    DC3                                      0x20000250   Data          20  main.o(.bss)
    PID_DC1                                  0x20000264   Data          12  main.o(.bss)
    PID_DC2                                  0x20000270   Data          12  main.o(.bss)
    PID_DC3                                  0x2000027c   Data          12  main.o(.bss)
    .bss                                     0x20000288   Section       96  libspace.o(.bss)
    HEAP                                     0x200002e8   Section      512  startup_stm32f40_41xxx.o(HEAP)
    Heap_Mem                                 0x200002e8   Data         512  startup_stm32f40_41xxx.o(HEAP)
    STACK                                    0x200004e8   Section     1024  startup_stm32f40_41xxx.o(STACK)
    Stack_Mem                                0x200004e8   Data        1024  startup_stm32f40_41xxx.o(STACK)
    __initial_sp                             0x200008e8   Data           0  startup_stm32f40_41xxx.o(STACK)

    Global Symbols

    Symbol Name                              Value     Ov Type        Size  Object(Section)

    BuildAttributes$$THM_ISAv4$E$P$D$K$B$S$7EM$VFPi3$EXTD16$VFPS$VFMA$PE$A:L22UL41UL21$X:L11$S22US41US21$IEEE1$IW$USESV6$~STKCKD$USESV7$~SHL$OTIME$ROPI$EBA8$UX$STANDARDLIB$REQ8$PRES8$EABIv2 0x00000000   Number         0  anon$$obj.o ABSOLUTE
    __ARM_use_no_argv                        0x00000000   Number         0  main.o ABSOLUTE
    TM_DELAY_1msHandler                       - Undefined Weak Reference
    TM_EXTI_Handler                           - Undefined Weak Reference
    __ARM_exceptions_init                     - Undefined Weak Reference
    __alloca_initialize                       - Undefined Weak Reference
    __arm_preinit_                            - Undefined Weak Reference
    __cpp_initialize__aeabi_                  - Undefined Weak Reference
    __cxa_finalize                            - Undefined Weak Reference
    __rt_locale                               - Undefined Weak Reference
    __sigvec_lookup                           - Undefined Weak Reference
    __user_heap_extent                        - Undefined Weak Reference
    _atexit_init                              - Undefined Weak Reference
    _call_atexit_fns                          - Undefined Weak Reference
    _clock_init                               - Undefined Weak Reference
    _fp_trap_init                             - Undefined Weak Reference
    _fp_trap_shutdown                         - Undefined Weak Reference
    _get_lc_collate                           - Undefined Weak Reference
    _get_lc_ctype                             - Undefined Weak Reference
    _get_lc_monetary                          - Undefined Weak Reference
    _get_lc_numeric                           - Undefined Weak Reference
    _get_lc_time                              - Undefined Weak Reference
    _getenv_init                              - Undefined Weak Reference
    _handle_redirection                       - Undefined Weak Reference
    _initio                                   - Undefined Weak Reference
    _mutex_acquire                            - Undefined Weak Reference
    _mutex_free                               - Undefined Weak Reference
    _mutex_release                            - Undefined Weak Reference
    _rand_init                                - Undefined Weak Reference
    _signal_finish                            - Undefined Weak Reference
    _signal_init                              - Undefined Weak Reference
    _terminateio                              - Undefined Weak Reference
    __Vectors_Size                           0x00000188   Number         0  startup_stm32f40_41xxx.o ABSOLUTE
    __Vectors                                0x08000000   Data           4  startup_stm32f40_41xxx.o(RESET)
    __Vectors_End                            0x08000188   Data           0  startup_stm32f40_41xxx.o(RESET)
    __main                                   0x08000189   Thumb Code     8  __main.o(!!!main)
    __scatterload                            0x08000191   Thumb Code     0  __scatter.o(!!!scatter)
    __scatterload_rt2                        0x08000191   Thumb Code    44  __scatter.o(!!!scatter)
    __scatterload_rt2_thumb_only             0x08000191   Thumb Code     0  __scatter.o(!!!scatter)
    __scatterload_null                       0x0800019f   Thumb Code     0  __scatter.o(!!!scatter)
    __scatterload_copy                       0x080001c5   Thumb Code    26  __scatter_copy.o(!!handler_copy)
    __scatterload_zeroinit                   0x080001e1   Thumb Code    28  __scatter_zi.o(!!handler_zi)
    __rt_lib_init                            0x080001fd   Thumb Code     0  libinit.o(.ARM.Collect$$libinit$$00000000)
    __rt_lib_init_fp_1                       0x080001ff   Thumb Code     0  libinit2.o(.ARM.Collect$$libinit$$00000001)
    __rt_lib_init_alloca_1                   0x08000203   Thumb Code     0  libinit2.o(.ARM.Collect$$libinit$$0000002E)
    __rt_lib_init_argv_1                     0x08000203   Thumb Code     0  libinit2.o(.ARM.Collect$$libinit$$0000002C)
    __rt_lib_init_atexit_1                   0x08000203   Thumb Code     0  libinit2.o(.ARM.Collect$$libinit$$0000001B)
    __rt_lib_init_clock_1                    0x08000203   Thumb Code     0  libinit2.o(.ARM.Collect$$libinit$$00000021)
    __rt_lib_init_cpp_1                      0x08000203   Thumb Code     0  libinit2.o(.ARM.Collect$$libinit$$00000032)
    __rt_lib_init_exceptions_1               0x08000203   Thumb Code     0  libinit2.o(.ARM.Collect$$libinit$$00000030)
    __rt_lib_init_fp_trap_1                  0x08000203   Thumb Code     0  libinit2.o(.ARM.Collect$$libinit$$0000001F)
    __rt_lib_init_getenv_1                   0x08000203   Thumb Code     0  libinit2.o(.ARM.Collect$$libinit$$00000023)
    __rt_lib_init_heap_1                     0x08000203   Thumb Code     0  libinit2.o(.ARM.Collect$$libinit$$0000000A)
    __rt_lib_init_lc_collate_1               0x08000203   Thumb Code     0  libinit2.o(.ARM.Collect$$libinit$$00000011)
    __rt_lib_init_lc_ctype_1                 0x08000203   Thumb Code     0  libinit2.o(.ARM.Collect$$libinit$$00000013)
    __rt_lib_init_lc_monetary_1              0x08000203   Thumb Code     0  libinit2.o(.ARM.Collect$$libinit$$00000015)
    __rt_lib_init_lc_numeric_1               0x08000203   Thumb Code     0  libinit2.o(.ARM.Collect$$libinit$$00000017)
    __rt_lib_init_lc_time_1                  0x08000203   Thumb Code     0  libinit2.o(.ARM.Collect$$libinit$$00000019)
    __rt_lib_init_preinit_1                  0x08000203   Thumb Code     0  libinit2.o(.ARM.Collect$$libinit$$00000004)
    __rt_lib_init_rand_1                     0x08000203   Thumb Code     0  libinit2.o(.ARM.Collect$$libinit$$0000000E)
    __rt_lib_init_return                     0x08000203   Thumb Code     0  libinit2.o(.ARM.Collect$$libinit$$00000033)
    __rt_lib_init_signal_1                   0x08000203   Thumb Code     0  libinit2.o(.ARM.Collect$$libinit$$0000001D)
    __rt_lib_init_stdio_1                    0x08000203   Thumb Code     0  libinit2.o(.ARM.Collect$$libinit$$00000025)
    __rt_lib_init_user_alloc_1               0x08000203   Thumb Code     0  libinit2.o(.ARM.Collect$$libinit$$0000000C)
    __rt_lib_shutdown                        0x08000205   Thumb Code     0  libshutdown.o(.ARM.Collect$$libshutdown$$00000000)
    __rt_lib_shutdown_cpp_1                  0x08000207   Thumb Code     0  libshutdown2.o(.ARM.Collect$$libshutdown$$00000002)
    __rt_lib_shutdown_fp_trap_1              0x08000207   Thumb Code     0  libshutdown2.o(.ARM.Collect$$libshutdown$$00000007)
    __rt_lib_shutdown_heap_1                 0x08000207   Thumb Code     0  libshutdown2.o(.ARM.Collect$$libshutdown$$0000000F)
    __rt_lib_shutdown_return                 0x08000207   Thumb Code     0  libshutdown2.o(.ARM.Collect$$libshutdown$$00000010)
    __rt_lib_shutdown_signal_1               0x08000207   Thumb Code     0  libshutdown2.o(.ARM.Collect$$libshutdown$$0000000A)
    __rt_lib_shutdown_stdio_1                0x08000207   Thumb Code     0  libshutdown2.o(.ARM.Collect$$libshutdown$$00000004)
    __rt_lib_shutdown_user_alloc_1           0x08000207   Thumb Code     0  libshutdown2.o(.ARM.Collect$$libshutdown$$0000000C)
    __rt_entry                               0x08000209   Thumb Code     0  __rtentry.o(.ARM.Collect$$rtentry$$00000000)
    __rt_entry_presh_1                       0x08000209   Thumb Code     0  __rtentry2.o(.ARM.Collect$$rtentry$$00000002)
    __rt_entry_sh                            0x08000209   Thumb Code     0  __rtentry4.o(.ARM.Collect$$rtentry$$00000004)
    __rt_entry_li                            0x0800020f   Thumb Code     0  __rtentry2.o(.ARM.Collect$$rtentry$$0000000A)
    __rt_entry_postsh_1                      0x0800020f   Thumb Code     0  __rtentry2.o(.ARM.Collect$$rtentry$$00000009)
    __rt_entry_main                          0x08000213   Thumb Code     0  __rtentry2.o(.ARM.Collect$$rtentry$$0000000D)
    __rt_entry_postli_1                      0x08000213   Thumb Code     0  __rtentry2.o(.ARM.Collect$$rtentry$$0000000C)
    __rt_exit                                0x0800021b   Thumb Code     0  rtexit.o(.ARM.Collect$$rtexit$$00000000)
    __rt_exit_ls                             0x0800021d   Thumb Code     0  rtexit2.o(.ARM.Collect$$rtexit$$00000003)
    __rt_exit_prels_1                        0x0800021d   Thumb Code     0  rtexit2.o(.ARM.Collect$$rtexit$$00000002)
    __rt_exit_exit                           0x08000221   Thumb Code     0  rtexit2.o(.ARM.Collect$$rtexit$$00000004)
    Reset_Handler                            0x08000229   Thumb Code     8  startup_stm32f40_41xxx.o(.text)
    ADC_IRQHandler                           0x08000243   Thumb Code     0  startup_stm32f40_41xxx.o(.text)
    CAN1_RX0_IRQHandler                      0x08000243   Thumb Code     0  startup_stm32f40_41xxx.o(.text)
    CAN1_RX1_IRQHandler                      0x08000243   Thumb Code     0  startup_stm32f40_41xxx.o(.text)
    CAN1_SCE_IRQHandler                      0x08000243   Thumb Code     0  startup_stm32f40_41xxx.o(.text)
    CAN1_TX_IRQHandler                       0x08000243   Thumb Code     0  startup_stm32f40_41xxx.o(.text)
    CAN2_RX0_IRQHandler                      0x08000243   Thumb Code     0  startup_stm32f40_41xxx.o(.text)
    CAN2_RX1_IRQHandler                      0x08000243   Thumb Code     0  startup_stm32f40_41xxx.o(.text)
    CAN2_SCE_IRQHandler                      0x08000243   Thumb Code     0  startup_stm32f40_41xxx.o(.text)
    CAN2_TX_IRQHandler                       0x08000243   Thumb Code     0  startup_stm32f40_41xxx.o(.text)
    CRYP_IRQHandler                          0x08000243   Thumb Code     0  startup_stm32f40_41xxx.o(.text)
    DCMI_IRQHandler                          0x08000243   Thumb Code     0  startup_stm32f40_41xxx.o(.text)
    DMA1_Stream0_IRQHandler                  0x08000243   Thumb Code     0  startup_stm32f40_41xxx.o(.text)
    DMA1_Stream1_IRQHandler                  0x08000243   Thumb Code     0  startup_stm32f40_41xxx.o(.text)
    DMA1_Stream2_IRQHandler                  0x08000243   Thumb Code     0  startup_stm32f40_41xxx.o(.text)
    DMA1_Stream3_IRQHandler                  0x08000243   Thumb Code     0  startup_stm32f40_41xxx.o(.text)
    DMA1_Stream4_IRQHandler                  0x08000243   Thumb Code     0  startup_stm32f40_41xxx.o(.text)
    DMA1_Stream5_IRQHandler                  0x08000243   Thumb Code     0  startup_stm32f40_41xxx.o(.text)
    DMA1_Stream6_IRQHandler                  0x08000243   Thumb Code     0  startup_stm32f40_41xxx.o(.text)
    DMA1_Stream7_IRQHandler                  0x08000243   Thumb Code     0  startup_stm32f40_41xxx.o(.text)
    DMA2_Stream0_IRQHandler                  0x08000243   Thumb Code     0  startup_stm32f40_41xxx.o(.text)
    DMA2_Stream1_IRQHandler                  0x08000243   Thumb Code     0  startup_stm32f40_41xxx.o(.text)
    DMA2_Stream2_IRQHandler                  0x08000243   Thumb Code     0  startup_stm32f40_41xxx.o(.text)
    DMA2_Stream3_IRQHandler                  0x08000243   Thumb Code     0  startup_stm32f40_41xxx.o(.text)
    DMA2_Stream4_IRQHandler                  0x08000243   Thumb Code     0  startup_stm32f40_41xxx.o(.text)
    DMA2_Stream5_IRQHandler                  0x08000243   Thumb Code     0  startup_stm32f40_41xxx.o(.text)
    DMA2_Stream6_IRQHandler                  0x08000243   Thumb Code     0  startup_stm32f40_41xxx.o(.text)
    DMA2_Stream7_IRQHandler                  0x08000243   Thumb Code     0  startup_stm32f40_41xxx.o(.text)
    ETH_IRQHandler                           0x08000243   Thumb Code     0  startup_stm32f40_41xxx.o(.text)
    ETH_WKUP_IRQHandler                      0x08000243   Thumb Code     0  startup_stm32f40_41xxx.o(.text)
    FLASH_IRQHandler                         0x08000243   Thumb Code     0  startup_stm32f40_41xxx.o(.text)
    FPU_IRQHandler                           0x08000243   Thumb Code     0  startup_stm32f40_41xxx.o(.text)
    FSMC_IRQHandler                          0x08000243   Thumb Code     0  startup_stm32f40_41xxx.o(.text)
    HASH_RNG_IRQHandler                      0x08000243   Thumb Code     0  startup_stm32f40_41xxx.o(.text)
    I2C1_ER_IRQHandler                       0x08000243   Thumb Code     0  startup_stm32f40_41xxx.o(.text)
    I2C1_EV_IRQHandler                       0x08000243   Thumb Code     0  startup_stm32f40_41xxx.o(.text)
    I2C2_ER_IRQHandler                       0x08000243   Thumb Code     0  startup_stm32f40_41xxx.o(.text)
    I2C2_EV_IRQHandler                       0x08000243   Thumb Code     0  startup_stm32f40_41xxx.o(.text)
    I2C3_ER_IRQHandler                       0x08000243   Thumb Code     0  startup_stm32f40_41xxx.o(.text)
    I2C3_EV_IRQHandler                       0x08000243   Thumb Code     0  startup_stm32f40_41xxx.o(.text)
    OTG_FS_IRQHandler                        0x08000243   Thumb Code     0  startup_stm32f40_41xxx.o(.text)
    OTG_FS_WKUP_IRQHandler                   0x08000243   Thumb Code     0  startup_stm32f40_41xxx.o(.text)
    OTG_HS_EP1_IN_IRQHandler                 0x08000243   Thumb Code     0  startup_stm32f40_41xxx.o(.text)
    OTG_HS_EP1_OUT_IRQHandler                0x08000243   Thumb Code     0  startup_stm32f40_41xxx.o(.text)
    OTG_HS_IRQHandler                        0x08000243   Thumb Code     0  startup_stm32f40_41xxx.o(.text)
    OTG_HS_WKUP_IRQHandler                   0x08000243   Thumb Code     0  startup_stm32f40_41xxx.o(.text)
    PVD_IRQHandler                           0x08000243   Thumb Code     0  startup_stm32f40_41xxx.o(.text)
    RCC_IRQHandler                           0x08000243   Thumb Code     0  startup_stm32f40_41xxx.o(.text)
    RTC_Alarm_IRQHandler                     0x08000243   Thumb Code     0  startup_stm32f40_41xxx.o(.text)
    RTC_WKUP_IRQHandler                      0x08000243   Thumb Code     0  startup_stm32f40_41xxx.o(.text)
    SDIO_IRQHandler                          0x08000243   Thumb Code     0  startup_stm32f40_41xxx.o(.text)
    SPI1_IRQHandler                          0x08000243   Thumb Code     0  startup_stm32f40_41xxx.o(.text)
    SPI2_IRQHandler                          0x08000243   Thumb Code     0  startup_stm32f40_41xxx.o(.text)
    SPI3_IRQHandler                          0x08000243   Thumb Code     0  startup_stm32f40_41xxx.o(.text)
    TAMP_STAMP_IRQHandler                    0x08000243   Thumb Code     0  startup_stm32f40_41xxx.o(.text)
    TIM1_BRK_TIM9_IRQHandler                 0x08000243   Thumb Code     0  startup_stm32f40_41xxx.o(.text)
    TIM1_CC_IRQHandler                       0x08000243   Thumb Code     0  startup_stm32f40_41xxx.o(.text)
    TIM1_TRG_COM_TIM11_IRQHandler            0x08000243   Thumb Code     0  startup_stm32f40_41xxx.o(.text)
    TIM1_UP_TIM10_IRQHandler                 0x08000243   Thumb Code     0  startup_stm32f40_41xxx.o(.text)
    TIM2_IRQHandler                          0x08000243   Thumb Code     0  startup_stm32f40_41xxx.o(.text)
    TIM3_IRQHandler                          0x08000243   Thumb Code     0  startup_stm32f40_41xxx.o(.text)
    TIM5_IRQHandler                          0x08000243   Thumb Code     0  startup_stm32f40_41xxx.o(.text)
    TIM6_DAC_IRQHandler                      0x08000243   Thumb Code     0  startup_stm32f40_41xxx.o(.text)
    TIM7_IRQHandler                          0x08000243   Thumb Code     0  startup_stm32f40_41xxx.o(.text)
    TIM8_BRK_TIM12_IRQHandler                0x08000243   Thumb Code     0  startup_stm32f40_41xxx.o(.text)
    TIM8_CC_IRQHandler                       0x08000243   Thumb Code     0  startup_stm32f40_41xxx.o(.text)
    TIM8_TRG_COM_TIM14_IRQHandler            0x08000243   Thumb Code     0  startup_stm32f40_41xxx.o(.text)
    TIM8_UP_TIM13_IRQHandler                 0x08000243   Thumb Code     0  startup_stm32f40_41xxx.o(.text)
    WWDG_IRQHandler                          0x08000243   Thumb Code     0  startup_stm32f40_41xxx.o(.text)
    __user_initial_stackheap                 0x08000245   Thumb Code     0  startup_stm32f40_41xxx.o(.text)
    __use_two_region_memory                  0x08000269   Thumb Code     2  heapauxi.o(.text)
    __rt_heap_escrow                         0x0800026b   Thumb Code     2  heapauxi.o(.text)
    __rt_heap_expand                         0x0800026d   Thumb Code     2  heapauxi.o(.text)
    __user_libspace                          0x08000271   Thumb Code     8  libspace.o(.text)
    __user_perproc_libspace                  0x08000271   Thumb Code     0  libspace.o(.text)
    __user_perthread_libspace                0x08000271   Thumb Code     0  libspace.o(.text)
    __I$use$semihosting                      0x08000279   Thumb Code     0  use_no_semi.o(.text)
    __use_no_semihosting_swi                 0x08000279   Thumb Code     2  use_no_semi.o(.text)
    __semihosting_library_function           0x0800027b   Thumb Code     0  indicate_semi.o(.text)
    __user_setup_stackheap                   0x0800027b   Thumb Code    74  sys_stackheap_outer.o(.text)
    exit                                     0x080002c5   Thumb Code    18  exit.o(.text)
    _sys_exit                                0x080002d9   Thumb Code     8  sys_exit.o(.text)
    ADC_CommonInit                           0x080002e5   Thumb Code    34  stm32f4xx_adc.o(i.ADC_CommonInit)
    ADC_Init                                 0x08000315   Thumb Code    74  stm32f4xx_adc.o(i.ADC_Init)
    ADC_READ_AND_CONVERT                     0x08000369   Thumb Code    34  main.o(i.ADC_READ_AND_CONVERT)
    ADC_RegularChannelConfig                 0x0800038b   Thumb Code   184  stm32f4xx_adc.o(i.ADC_RegularChannelConfig)
    ALL_ADC_INIT                             0x08000445   Thumb Code    28  main.o(i.ALL_ADC_INIT)
    ALL_ENCODER_INIT                         0x08000465   Thumb Code    16  main.o(i.ALL_ENCODER_INIT)
    ALL_GPIO_INIT                            0x08000475   Thumb Code    64  main.o(i.ALL_GPIO_INIT)
    ALL_PWM_INIT                             0x080004b9   Thumb Code   106  main.o(i.ALL_PWM_INIT)
    BusFault_Handler                         0x08000549   Thumb Code     4  stm32f4xx_it.o(i.BusFault_Handler)
    DebugMon_Handler                         0x0800054d   Thumb Code     2  stm32f4xx_it.o(i.DebugMon_Handler)
    ENCODER_Read_Release                     0x0800054f   Thumb Code    28  main.o(i.ENCODER_Read_Release)
    EXTI0_IRQHandler                         0x0800056d   Thumb Code    24  tm_stm32f4_exti.o(i.EXTI0_IRQHandler)
    EXTI15_10_IRQHandler                     0x08000589   Thumb Code   136  tm_stm32f4_exti.o(i.EXTI15_10_IRQHandler)
    EXTI1_IRQHandler                         0x08000615   Thumb Code    24  tm_stm32f4_exti.o(i.EXTI1_IRQHandler)
    EXTI2_IRQHandler                         0x08000631   Thumb Code    24  tm_stm32f4_exti.o(i.EXTI2_IRQHandler)
    EXTI3_IRQHandler                         0x0800064d   Thumb Code    24  tm_stm32f4_exti.o(i.EXTI3_IRQHandler)
    EXTI4_IRQHandler                         0x08000669   Thumb Code    24  tm_stm32f4_exti.o(i.EXTI4_IRQHandler)
    EXTI9_5_IRQHandler                       0x08000685   Thumb Code   108  tm_stm32f4_exti.o(i.EXTI9_5_IRQHandler)
    Encoder1_Tim3_Init                       0x080006f5   Thumb Code   146  main.o(i.Encoder1_Tim3_Init)
    Encoder2_Tim2_Init                       0x08000799   Thumb Code   182  main.o(i.Encoder2_Tim2_Init)
    Encoder3_Tim5_Init                       0x08000861   Thumb Code   152  main.o(i.Encoder3_Tim5_Init)
    GPIO_Init                                0x08000909   Thumb Code   144  stm32f4xx_gpio.o(i.GPIO_Init)
    GPIO_PinAFConfig                         0x08000999   Thumb Code    70  stm32f4xx_gpio.o(i.GPIO_PinAFConfig)
    GPIO_PinMode                             0x080009df   Thumb Code    66  main.o(i.GPIO_PinMode)
    GPIO_ResetBits                           0x08000a21   Thumb Code     4  stm32f4xx_gpio.o(i.GPIO_ResetBits)
    HardFault_Handler                        0x08000a25   Thumb Code     4  stm32f4xx_it.o(i.HardFault_Handler)
    MemManage_Handler                        0x08000a29   Thumb Code     4  stm32f4xx_it.o(i.MemManage_Handler)
    Move_Down_Release                        0x08000a2d   Thumb Code   116  main.o(i.Move_Down_Release)
    Move_Up_Release                          0x08000aa5   Thumb Code   116  main.o(i.Move_Up_Release)
    NMI_Handler                              0x08000b1d   Thumb Code     2  stm32f4xx_it.o(i.NMI_Handler)
    NVIC_Init                                0x08000b21   Thumb Code   106  misc.o(i.NVIC_Init)
    NVIC_PriorityGroupConfig                 0x08000b99   Thumb Code    10  misc.o(i.NVIC_PriorityGroupConfig)
    PID_DY_UPDATE                            0x08000bad   Thumb Code   262  main.o(i.PID_DY_UPDATE)
    PendSV_Handler                           0x08000cc1   Thumb Code     2  stm32f4xx_it.o(i.PendSV_Handler)
    RCC_AHB1PeriphClockCmd                   0x08000cc5   Thumb Code    26  stm32f4xx_rcc.o(i.RCC_AHB1PeriphClockCmd)
    RCC_APB1PeriphClockCmd                   0x08000ce5   Thumb Code    26  stm32f4xx_rcc.o(i.RCC_APB1PeriphClockCmd)
    RCC_APB1PeriphResetCmd                   0x08000d05   Thumb Code    26  stm32f4xx_rcc.o(i.RCC_APB1PeriphResetCmd)
    RCC_APB2PeriphResetCmd                   0x08000d25   Thumb Code    26  stm32f4xx_rcc.o(i.RCC_APB2PeriphResetCmd)
    RCC_GetClocksFreq                        0x08000d45   Thumb Code   214  stm32f4xx_rcc.o(i.RCC_GetClocksFreq)
    SVC_Handler                              0x08000e2d   Thumb Code     2  stm32f4xx_it.o(i.SVC_Handler)
    SysTick_Handler                          0x08000f1d   Thumb Code     8  stm32f4xx_it.o(i.SysTick_Handler)
    SystemInit                               0x08000f25   Thumb Code    88  system_stm32f4xx.o(i.SystemInit)
    TIM4_IRQHandler                          0x080010b1   Thumb Code   148  main.o(i.TIM4_IRQHandler)
    TIM_ARRPreloadConfig                     0x08001165   Thumb Code    24  stm32f4xx_tim.o(i.TIM_ARRPreloadConfig)
    TIM_ClearFlag                            0x0800117d   Thumb Code     6  stm32f4xx_tim.o(i.TIM_ClearFlag)
    TIM_ClearITPendingBit                    0x08001183   Thumb Code     6  stm32f4xx_tim.o(i.TIM_ClearITPendingBit)
    TIM_Cmd                                  0x08001189   Thumb Code    24  stm32f4xx_tim.o(i.TIM_Cmd)
    TIM_CtrlPWMOutputs                       0x080011a1   Thumb Code    30  stm32f4xx_tim.o(i.TIM_CtrlPWMOutputs)
    TIM_DeInit                               0x080011c1   Thumb Code   346  stm32f4xx_tim.o(i.TIM_DeInit)
    TIM_EncoderInterfaceConfig               0x08001351   Thumb Code    66  stm32f4xx_tim.o(i.TIM_EncoderInterfaceConfig)
    TIM_GetITStatus                          0x08001393   Thumb Code    34  stm32f4xx_tim.o(i.TIM_GetITStatus)
    TIM_ICInit                               0x080013b5   Thumb Code   110  stm32f4xx_tim.o(i.TIM_ICInit)
    TIM_ICStructInit                         0x08001423   Thumb Code    18  stm32f4xx_tim.o(i.TIM_ICStructInit)
    TIM_ITConfig                             0x08001435   Thumb Code    18  stm32f4xx_tim.o(i.TIM_ITConfig)
    TIM_OC1Init                              0x08001449   Thumb Code   114  stm32f4xx_tim.o(i.TIM_OC1Init)
    TIM_OC1PreloadConfig                     0x080014c5   Thumb Code    18  stm32f4xx_tim.o(i.TIM_OC1PreloadConfig)
    TIM_OC2Init                              0x080014d9   Thumb Code   154  stm32f4xx_tim.o(i.TIM_OC2Init)
    TIM_OC2PreloadConfig                     0x0800157d   Thumb Code    26  stm32f4xx_tim.o(i.TIM_OC2PreloadConfig)
    TIM_OC3Init                              0x08001599   Thumb Code   150  stm32f4xx_tim.o(i.TIM_OC3Init)
    TIM_OC3PreloadConfig                     0x08001639   Thumb Code    18  stm32f4xx_tim.o(i.TIM_OC3PreloadConfig)
    TIM_OC4Init                              0x0800164d   Thumb Code   112  stm32f4xx_tim.o(i.TIM_OC4Init)
    TIM_OC4PreloadConfig                     0x080016c5   Thumb Code    26  stm32f4xx_tim.o(i.TIM_OC4PreloadConfig)
    TIM_SetCounter                           0x080016df   Thumb Code     4  stm32f4xx_tim.o(i.TIM_SetCounter)
    TIM_SetIC1Prescaler                      0x080016e3   Thumb Code    18  stm32f4xx_tim.o(i.TIM_SetIC1Prescaler)
    TIM_SetIC2Prescaler                      0x080016f5   Thumb Code    26  stm32f4xx_tim.o(i.TIM_SetIC2Prescaler)
    TIM_SetIC3Prescaler                      0x0800170f   Thumb Code    18  stm32f4xx_tim.o(i.TIM_SetIC3Prescaler)
    TIM_SetIC4Prescaler                      0x08001721   Thumb Code    26  stm32f4xx_tim.o(i.TIM_SetIC4Prescaler)
    TIM_TimeBaseInit                         0x0800173d   Thumb Code   104  stm32f4xx_tim.o(i.TIM_TimeBaseInit)
    TIM_TimeBaseStructInit                   0x080017c1   Thumb Code    18  stm32f4xx_tim.o(i.TIM_TimeBaseStructInit)
    TM_ADC_INT_Channel_0_Init                0x080017d5   Thumb Code    14  tm_stm32f4_adc.o(i.TM_ADC_INT_Channel_0_Init)
    TM_ADC_INT_Channel_10_Init               0x080017e9   Thumb Code    14  tm_stm32f4_adc.o(i.TM_ADC_INT_Channel_10_Init)
    TM_ADC_INT_Channel_11_Init               0x080017fd   Thumb Code    14  tm_stm32f4_adc.o(i.TM_ADC_INT_Channel_11_Init)
    TM_ADC_INT_Channel_12_Init               0x08001811   Thumb Code    14  tm_stm32f4_adc.o(i.TM_ADC_INT_Channel_12_Init)
    TM_ADC_INT_Channel_13_Init               0x08001825   Thumb Code    14  tm_stm32f4_adc.o(i.TM_ADC_INT_Channel_13_Init)
    TM_ADC_INT_Channel_14_Init               0x08001839   Thumb Code    40  tm_stm32f4_adc.o(i.TM_ADC_INT_Channel_14_Init)
    TM_ADC_INT_Channel_15_Init               0x08001875   Thumb Code    42  tm_stm32f4_adc.o(i.TM_ADC_INT_Channel_15_Init)
    TM_ADC_INT_Channel_1_Init                0x080018b5   Thumb Code    14  tm_stm32f4_adc.o(i.TM_ADC_INT_Channel_1_Init)
    TM_ADC_INT_Channel_2_Init                0x080018c9   Thumb Code    14  tm_stm32f4_adc.o(i.TM_ADC_INT_Channel_2_Init)
    TM_ADC_INT_Channel_3_Init                0x080018dd   Thumb Code    14  tm_stm32f4_adc.o(i.TM_ADC_INT_Channel_3_Init)
    TM_ADC_INT_Channel_4_Init                0x080018f1   Thumb Code    40  tm_stm32f4_adc.o(i.TM_ADC_INT_Channel_4_Init)
    TM_ADC_INT_Channel_5_Init                0x0800192d   Thumb Code    40  tm_stm32f4_adc.o(i.TM_ADC_INT_Channel_5_Init)
    TM_ADC_INT_Channel_6_Init                0x08001969   Thumb Code    40  tm_stm32f4_adc.o(i.TM_ADC_INT_Channel_6_Init)
    TM_ADC_INT_Channel_7_Init                0x080019a5   Thumb Code    40  tm_stm32f4_adc.o(i.TM_ADC_INT_Channel_7_Init)
    TM_ADC_INT_Channel_8_Init                0x080019e1   Thumb Code    40  tm_stm32f4_adc.o(i.TM_ADC_INT_Channel_8_Init)
    TM_ADC_INT_Channel_9_Init                0x08001a1d   Thumb Code    40  tm_stm32f4_adc.o(i.TM_ADC_INT_Channel_9_Init)
    TM_ADC_INT_InitPin                       0x08001a59   Thumb Code    28  tm_stm32f4_adc.o(i.TM_ADC_INT_InitPin)
    TM_ADC_Init                              0x08001a75   Thumb Code   204  tm_stm32f4_adc.o(i.TM_ADC_Init)
    TM_ADC_InitADC                           0x08001b41   Thumb Code   144  tm_stm32f4_adc.o(i.TM_ADC_InitADC)
    TM_ADC_Read                              0x08001be1   Thumb Code    58  tm_stm32f4_adc.o(i.TM_ADC_Read)
    TM_DELAY_Init                            0x08001c1d   Thumb Code   110  tm_stm32f4_delay.o(i.TM_DELAY_Init)
    TM_GPIO_GetPortSource                    0x08001ca5   Thumb Code    14  tm_stm32f4_gpio.o(i.TM_GPIO_GetPortSource)
    TM_GPIO_INT_EnableClock                  0x08001cb5   Thumb Code    28  tm_stm32f4_gpio.o(i.TM_GPIO_INT_EnableClock)
    TM_GPIO_INT_Init                         0x08001cd5   Thumb Code   170  tm_stm32f4_gpio.o(i.TM_GPIO_INT_Init)
    TM_GPIO_Init                             0x08001d85   Thumb Code    48  tm_stm32f4_gpio.o(i.TM_GPIO_Init)
    TM_GPIO_InitAlternate                    0x08001db5   Thumb Code   110  tm_stm32f4_gpio.o(i.TM_GPIO_InitAlternate)
    TM_PWM_INT_InitTIM10Pins                 0x08001e25   Thumb Code    82  tm_stm32f4_pwm.o(i.TM_PWM_INT_InitTIM10Pins)
    TM_PWM_INT_InitTIM11Pins                 0x08001e81   Thumb Code    82  tm_stm32f4_pwm.o(i.TM_PWM_INT_InitTIM11Pins)
    TM_PWM_INT_InitTIM12Pins                 0x08001edd   Thumb Code   160  tm_stm32f4_pwm.o(i.TM_PWM_INT_InitTIM12Pins)
    TM_PWM_INT_InitTIM13Pins                 0x08001f85   Thumb Code    86  tm_stm32f4_pwm.o(i.TM_PWM_INT_InitTIM13Pins)
    TM_PWM_INT_InitTIM14Pins                 0x08001fe5   Thumb Code    86  tm_stm32f4_pwm.o(i.TM_PWM_INT_InitTIM14Pins)
    TM_PWM_INT_InitTIM1Pins                  0x08002045   Thumb Code   292  tm_stm32f4_pwm.o(i.TM_PWM_INT_InitTIM1Pins)
    TM_PWM_INT_InitTIM2Pins                  0x08002171   Thumb Code   320  tm_stm32f4_pwm.o(i.TM_PWM_INT_InitTIM2Pins)
    TM_PWM_INT_InitTIM3Pins                  0x080022b9   Thumb Code   348  tm_stm32f4_pwm.o(i.TM_PWM_INT_InitTIM3Pins)
    TM_PWM_INT_InitTIM4Pins                  0x08002421   Thumb Code   292  tm_stm32f4_pwm.o(i.TM_PWM_INT_InitTIM4Pins)
    TM_PWM_INT_InitTIM5Pins                  0x0800254d   Thumb Code   292  tm_stm32f4_pwm.o(i.TM_PWM_INT_InitTIM5Pins)
    TM_PWM_INT_InitTIM8Pins                  0x0800267d   Thumb Code   282  tm_stm32f4_pwm.o(i.TM_PWM_INT_InitTIM8Pins)
    TM_PWM_INT_InitTIM9Pins                  0x080027a1   Thumb Code   146  tm_stm32f4_pwm.o(i.TM_PWM_INT_InitTIM9Pins)
    TM_PWM_InitChannel                       0x0800283d   Thumb Code   228  tm_stm32f4_pwm.o(i.TM_PWM_InitChannel)
    TM_PWM_InitTimer                         0x0800294d   Thumb Code   256  tm_stm32f4_pwm.o(i.TM_PWM_InitTimer)
    TM_PWM_SetChannel                        0x08002a6d   Thumb Code   242  tm_stm32f4_pwm.o(i.TM_PWM_SetChannel)
    TM_PWM_SetChannelPercent                 0x08002b61   Thumb Code   108  tm_stm32f4_pwm.o(i.TM_PWM_SetChannelPercent)
    TM_TIMER_PROPERTIES_EnableClock          0x08002bd1   Thumb Code   294  tm_stm32f4_timer_properties.o(i.TM_TIMER_PROPERTIES_EnableClock)
    TM_TIMER_PROPERTIES_GenerateDataForWorkingFrequency 0x08002d31   Thumb Code   202  tm_stm32f4_timer_properties.o(i.TM_TIMER_PROPERTIES_GenerateDataForWorkingFrequency)
    TM_TIMER_PROPERTIES_GetTimerProperties   0x08002e05   Thumb Code   150  tm_stm32f4_timer_properties.o(i.TM_TIMER_PROPERTIES_GetTimerProperties)
    TM_USART_INT_InsertToBuffer              0x08002ed1   Thumb Code    40  tm_stm32f4_usart.o(i.TM_USART_INT_InsertToBuffer)
    TimingDelay_Decrement                    0x08002ef9   Thumb Code   162  tm_stm32f4_delay.o(i.TimingDelay_Decrement)
    Turn_Release                             0x08002fa9   Thumb Code    70  main.o(i.Turn_Release)
    UART4_IRQHandler                         0x08002ff1   Thumb Code    28  tm_stm32f4_usart.o(i.UART4_IRQHandler)
    UART5_IRQHandler                         0x08003015   Thumb Code    26  tm_stm32f4_usart.o(i.UART5_IRQHandler)
    USART1_IRQHandler                        0x08003039   Thumb Code    26  tm_stm32f4_usart.o(i.USART1_IRQHandler)
    USART2_IRQHandler                        0x0800305d   Thumb Code    28  tm_stm32f4_usart.o(i.USART2_IRQHandler)
    USART3_IRQHandler                        0x08003081   Thumb Code    28  tm_stm32f4_usart.o(i.USART3_IRQHandler)
    USART6_IRQHandler                        0x080030a5   Thumb Code    28  tm_stm32f4_usart.o(i.USART6_IRQHandler)
    UsageFault_Handler                       0x080030c9   Thumb Code     4  stm32f4xx_it.o(i.UsageFault_Handler)
    main                                     0x080030cd   Thumb Code   278  main.o(i.main)
    timer4_config                            0x08003221   Thumb Code   132  main.o(i.timer4_config)
    __fpl_dcmp_Inf                           0x080032b9   Thumb Code    24  dcmpi.o(x$fpl$dcmpinf)
    __aeabi_ddiv                             0x080032d1   Thumb Code     0  ddiv.o(x$fpl$ddiv)
    _ddiv                                    0x080032d1   Thumb Code   552  ddiv.o(x$fpl$ddiv)
    __aeabi_cdcmpeq                          0x08003581   Thumb Code     0  deqf.o(x$fpl$deqf)
    _dcmpeq                                  0x08003581   Thumb Code   120  deqf.o(x$fpl$deqf)
    __aeabi_d2uiz                            0x080035f9   Thumb Code     0  dfixu.o(x$fpl$dfixu)
    _dfixu                                   0x080035f9   Thumb Code    90  dfixu.o(x$fpl$dfixu)
    __aeabi_ui2d                             0x08003653   Thumb Code     0  dflt_clz.o(x$fpl$dfltu)
    _dfltu                                   0x08003653   Thumb Code    38  dflt_clz.o(x$fpl$dfltu)
    __aeabi_cdcmple                          0x08003679   Thumb Code     0  dleqf.o(x$fpl$dleqf)
    _dcmple                                  0x08003679   Thumb Code   120  dleqf.o(x$fpl$dleqf)
    __fpl_dcmple_InfNaN                      0x080036db   Thumb Code     0  dleqf.o(x$fpl$dleqf)
    __fpl_dnaninf                            0x080036f1   Thumb Code   156  dnaninf.o(x$fpl$dnaninf)
    __fpl_dretinf                            0x0800378d   Thumb Code    12  dretinf.o(x$fpl$dretinf)
    _fp_init                                 0x08003799   Thumb Code    10  fpinit.o(x$fpl$fpinit)
    __fplib_config_fpu_vfp                   0x080037a1   Thumb Code     0  fpinit.o(x$fpl$fpinit)
    __fplib_config_pureend_doubles           0x080037a1   Thumb Code     0  fpinit.o(x$fpl$fpinit)
    __I$use$fp                               0x080037a2   Number         0  usenofp.o(x$fpl$usenofp)
    Region$$Table$$Base                      0x080037a4   Number         0  anon$$obj.o(Region$$Table)
    Region$$Table$$Limit                     0x080037c4   Number         0  anon$$obj.o(Region$$Table)
    TM_TimingDelay                           0x20000010   Data           4  tm_stm32f4_delay.o(.data)
    TM_Time                                  0x20000014   Data           4  tm_stm32f4_delay.o(.data)
    TM_Time2                                 0x20000018   Data           4  tm_stm32f4_delay.o(.data)
    mult                                     0x2000001c   Data           4  tm_stm32f4_delay.o(.data)
    TM_DELAY_Initialized                     0x20000020   Data           1  tm_stm32f4_delay.o(.data)
    TM_USART1                                0x20000024   Data          16  tm_stm32f4_usart.o(.data)
    TM_USART2                                0x20000034   Data          16  tm_stm32f4_usart.o(.data)
    TM_USART3                                0x20000044   Data          16  tm_stm32f4_usart.o(.data)
    TM_UART4                                 0x20000054   Data          16  tm_stm32f4_usart.o(.data)
    TM_UART5                                 0x20000064   Data          16  tm_stm32f4_usart.o(.data)
    TM_USART6                                0x20000074   Data          16  tm_stm32f4_usart.o(.data)
    PrescalerValue                           0x20000084   Data           2  main.o(.data)
    SystemCoreClock                          0x20000094   Data           4  system_stm32f4xx.o(.data)
    AHBPrescTable                            0x20000098   Data          16  system_stm32f4xx.o(.data)
    TM_USART1_Buffer                         0x200000c0   Data          32  tm_stm32f4_usart.o(.bss)
    TM_USART2_Buffer                         0x200000e0   Data          32  tm_stm32f4_usart.o(.bss)
    TM_USART3_Buffer                         0x20000100   Data          32  tm_stm32f4_usart.o(.bss)
    TM_UART4_Buffer                          0x20000120   Data          32  tm_stm32f4_usart.o(.bss)
    TM_UART5_Buffer                          0x20000140   Data          32  tm_stm32f4_usart.o(.bss)
    TM_USART6_Buffer                         0x20000160   Data          32  tm_stm32f4_usart.o(.bss)
    TIM_TimeBaseStructure                    0x20000198   Data          12  main.o(.bss)
    TIM_ICInitStructure                      0x200001a4   Data          10  main.o(.bss)
    TIM11_Data                               0x200001b0   Data          40  main.o(.bss)
    TIM13_Data                               0x200001d8   Data          40  main.o(.bss)
    TIM14_Data                               0x20000200   Data          40  main.o(.bss)
    __libspace_start                         0x20000288   Data          96  libspace.o(.bss)
    __temporary_stack_top$libspace           0x200002e8   Data           0  libspace.o(.bss)



==============================================================================

Memory Map of the image

  Image Entry point : 0x08000229

  Load Region LR_1 (Base: 0x08000000, Size: 0x0000386c, Max: 0xffffffff, ABSOLUTE)

    Execution Region ER_RO (Exec base: 0x08000000, Load base: 0x08000000, Size: 0x000037c4, Max: 0xffffffff, ABSOLUTE)

    Exec Addr    Load Addr    Size         Type   Attr      Idx    E Section Name        Object

    0x08000000   0x08000000   0x00000188   Data   RO            3    RESET               startup_stm32f40_41xxx.o
    0x08000188   0x08000188   0x00000008   Code   RO         2942  * !!!main             c_w.l(__main.o)
    0x08000190   0x08000190   0x00000034   Code   RO         3170    !!!scatter          c_w.l(__scatter.o)
    0x080001c4   0x080001c4   0x0000001a   Code   RO         3172    !!handler_copy      c_w.l(__scatter_copy.o)
    0x080001de   0x080001de   0x00000002   PAD
    0x080001e0   0x080001e0   0x0000001c   Code   RO         3174    !!handler_zi        c_w.l(__scatter_zi.o)
    0x080001fc   0x080001fc   0x00000002   Code   RO         3109    .ARM.Collect$$libinit$$00000000  c_w.l(libinit.o)
    0x080001fe   0x080001fe   0x00000004   Code   RO         2994    .ARM.Collect$$libinit$$00000001  c_w.l(libinit2.o)
    0x08000202   0x08000202   0x00000000   Code   RO         2997    .ARM.Collect$$libinit$$00000004  c_w.l(libinit2.o)
    0x08000202   0x08000202   0x00000000   Code   RO         3000    .ARM.Collect$$libinit$$0000000A  c_w.l(libinit2.o)
    0x08000202   0x08000202   0x00000000   Code   RO         3002    .ARM.Collect$$libinit$$0000000C  c_w.l(libinit2.o)
    0x08000202   0x08000202   0x00000000   Code   RO         3004    .ARM.Collect$$libinit$$0000000E  c_w.l(libinit2.o)
    0x08000202   0x08000202   0x00000000   Code   RO         3007    .ARM.Collect$$libinit$$00000011  c_w.l(libinit2.o)
    0x08000202   0x08000202   0x00000000   Code   RO         3009    .ARM.Collect$$libinit$$00000013  c_w.l(libinit2.o)
    0x08000202   0x08000202   0x00000000   Code   RO         3011    .ARM.Collect$$libinit$$00000015  c_w.l(libinit2.o)
    0x08000202   0x08000202   0x00000000   Code   RO         3013    .ARM.Collect$$libinit$$00000017  c_w.l(libinit2.o)
    0x08000202   0x08000202   0x00000000   Code   RO         3015    .ARM.Collect$$libinit$$00000019  c_w.l(libinit2.o)
    0x08000202   0x08000202   0x00000000   Code   RO         3017    .ARM.Collect$$libinit$$0000001B  c_w.l(libinit2.o)
    0x08000202   0x08000202   0x00000000   Code   RO         3019    .ARM.Collect$$libinit$$0000001D  c_w.l(libinit2.o)
    0x08000202   0x08000202   0x00000000   Code   RO         3021    .ARM.Collect$$libinit$$0000001F  c_w.l(libinit2.o)
    0x08000202   0x08000202   0x00000000   Code   RO         3023    .ARM.Collect$$libinit$$00000021  c_w.l(libinit2.o)
    0x08000202   0x08000202   0x00000000   Code   RO         3025    .ARM.Collect$$libinit$$00000023  c_w.l(libinit2.o)
    0x08000202   0x08000202   0x00000000   Code   RO         3027    .ARM.Collect$$libinit$$00000025  c_w.l(libinit2.o)
    0x08000202   0x08000202   0x00000000   Code   RO         3031    .ARM.Collect$$libinit$$0000002C  c_w.l(libinit2.o)
    0x08000202   0x08000202   0x00000000   Code   RO         3033    .ARM.Collect$$libinit$$0000002E  c_w.l(libinit2.o)
    0x08000202   0x08000202   0x00000000   Code   RO         3035    .ARM.Collect$$libinit$$00000030  c_w.l(libinit2.o)
    0x08000202   0x08000202   0x00000000   Code   RO         3037    .ARM.Collect$$libinit$$00000032  c_w.l(libinit2.o)
    0x08000202   0x08000202   0x00000002   Code   RO         3038    .ARM.Collect$$libinit$$00000033  c_w.l(libinit2.o)
    0x08000204   0x08000204   0x00000002   Code   RO         3167    .ARM.Collect$$libshutdown$$00000000  c_w.l(libshutdown.o)
    0x08000206   0x08000206   0x00000000   Code   RO         3123    .ARM.Collect$$libshutdown$$00000002  c_w.l(libshutdown2.o)
    0x08000206   0x08000206   0x00000000   Code   RO         3125    .ARM.Collect$$libshutdown$$00000004  c_w.l(libshutdown2.o)
    0x08000206   0x08000206   0x00000000   Code   RO         3128    .ARM.Collect$$libshutdown$$00000007  c_w.l(libshutdown2.o)
    0x08000206   0x08000206   0x00000000   Code   RO         3131    .ARM.Collect$$libshutdown$$0000000A  c_w.l(libshutdown2.o)
    0x08000206   0x08000206   0x00000000   Code   RO         3133    .ARM.Collect$$libshutdown$$0000000C  c_w.l(libshutdown2.o)
    0x08000206   0x08000206   0x00000000   Code   RO         3136    .ARM.Collect$$libshutdown$$0000000F  c_w.l(libshutdown2.o)
    0x08000206   0x08000206   0x00000002   Code   RO         3137    .ARM.Collect$$libshutdown$$00000010  c_w.l(libshutdown2.o)
    0x08000208   0x08000208   0x00000000   Code   RO         2964    .ARM.Collect$$rtentry$$00000000  c_w.l(__rtentry.o)
    0x08000208   0x08000208   0x00000000   Code   RO         3052    .ARM.Collect$$rtentry$$00000002  c_w.l(__rtentry2.o)
    0x08000208   0x08000208   0x00000006   Code   RO         3064    .ARM.Collect$$rtentry$$00000004  c_w.l(__rtentry4.o)
    0x0800020e   0x0800020e   0x00000000   Code   RO         3054    .ARM.Collect$$rtentry$$00000009  c_w.l(__rtentry2.o)
    0x0800020e   0x0800020e   0x00000004   Code   RO         3055    .ARM.Collect$$rtentry$$0000000A  c_w.l(__rtentry2.o)
    0x08000212   0x08000212   0x00000000   Code   RO         3057    .ARM.Collect$$rtentry$$0000000C  c_w.l(__rtentry2.o)
    0x08000212   0x08000212   0x00000008   Code   RO         3058    .ARM.Collect$$rtentry$$0000000D  c_w.l(__rtentry2.o)
    0x0800021a   0x0800021a   0x00000002   Code   RO         3112    .ARM.Collect$$rtexit$$00000000  c_w.l(rtexit.o)
    0x0800021c   0x0800021c   0x00000000   Code   RO         3141    .ARM.Collect$$rtexit$$00000002  c_w.l(rtexit2.o)
    0x0800021c   0x0800021c   0x00000004   Code   RO         3142    .ARM.Collect$$rtexit$$00000003  c_w.l(rtexit2.o)
    0x08000220   0x08000220   0x00000006   Code   RO         3143    .ARM.Collect$$rtexit$$00000004  c_w.l(rtexit2.o)
    0x08000226   0x08000226   0x00000002   PAD
    0x08000228   0x08000228   0x00000040   Code   RO            4  * .text               startup_stm32f40_41xxx.o
    0x08000268   0x08000268   0x00000006   Code   RO         2940    .text               c_w.l(heapauxi.o)
    0x0800026e   0x0800026e   0x00000002   PAD
    0x08000270   0x08000270   0x00000008   Code   RO         3048    .text               c_w.l(libspace.o)
    0x08000278   0x08000278   0x00000002   Code   RO         3085    .text               c_w.l(use_no_semi.o)
    0x0800027a   0x0800027a   0x00000000   Code   RO         3087    .text               c_w.l(indicate_semi.o)
    0x0800027a   0x0800027a   0x0000004a   Code   RO         3088    .text               c_w.l(sys_stackheap_outer.o)
    0x080002c4   0x080002c4   0x00000012   Code   RO         3094    .text               c_w.l(exit.o)
    0x080002d6   0x080002d6   0x00000002   PAD
    0x080002d8   0x080002d8   0x0000000c   Code   RO         3110    .text               c_w.l(sys_exit.o)
    0x080002e4   0x080002e4   0x00000030   Code   RO          173    i.ADC_CommonInit    stm32f4xx_adc.o
    0x08000314   0x08000314   0x00000054   Code   RO          192    i.ADC_Init          stm32f4xx_adc.o
    0x08000368   0x08000368   0x00000022   Code   RO         2609    i.ADC_READ_AND_CONVERT  main.o
    0x0800038a   0x0800038a   0x000000b8   Code   RO          197    i.ADC_RegularChannelConfig  stm32f4xx_adc.o
    0x08000442   0x08000442   0x00000002   PAD
    0x08000444   0x08000444   0x00000020   Code   RO         2610    i.ALL_ADC_INIT      main.o
    0x08000464   0x08000464   0x00000010   Code   RO         2611    i.ALL_ENCODER_INIT  main.o
    0x08000474   0x08000474   0x00000044   Code   RO         2612    i.ALL_GPIO_INIT     main.o
    0x080004b8   0x080004b8   0x00000090   Code   RO         2613    i.ALL_PWM_INIT      main.o
    0x08000548   0x08000548   0x00000004   Code   RO         2754    i.BusFault_Handler  stm32f4xx_it.o
    0x0800054c   0x0800054c   0x00000002   Code   RO         2755    i.DebugMon_Handler  stm32f4xx_it.o
    0x0800054e   0x0800054e   0x0000001c   Code   RO         2614    i.ENCODER_Read_Release  main.o
    0x0800056a   0x0800056a   0x00000002   PAD
    0x0800056c   0x0800056c   0x0000001c   Code   RO         2289    i.EXTI0_IRQHandler  tm_stm32f4_exti.o
    0x08000588   0x08000588   0x0000008c   Code   RO         2290    i.EXTI15_10_IRQHandler  tm_stm32f4_exti.o
    0x08000614   0x08000614   0x0000001c   Code   RO         2291    i.EXTI1_IRQHandler  tm_stm32f4_exti.o
    0x08000630   0x08000630   0x0000001c   Code   RO         2292    i.EXTI2_IRQHandler  tm_stm32f4_exti.o
    0x0800064c   0x0800064c   0x0000001c   Code   RO         2293    i.EXTI3_IRQHandler  tm_stm32f4_exti.o
    0x08000668   0x08000668   0x0000001c   Code   RO         2294    i.EXTI4_IRQHandler  tm_stm32f4_exti.o
    0x08000684   0x08000684   0x00000070   Code   RO         2295    i.EXTI9_5_IRQHandler  tm_stm32f4_exti.o
    0x080006f4   0x080006f4   0x000000a4   Code   RO         2615    i.Encoder1_Tim3_Init  main.o
    0x08000798   0x08000798   0x000000c8   Code   RO         2616    i.Encoder2_Tim2_Init  main.o
    0x08000860   0x08000860   0x000000a8   Code   RO         2617    i.Encoder3_Tim5_Init  main.o
    0x08000908   0x08000908   0x00000090   Code   RO          479    i.GPIO_Init         stm32f4xx_gpio.o
    0x08000998   0x08000998   0x00000046   Code   RO          480    i.GPIO_PinAFConfig  stm32f4xx_gpio.o
    0x080009de   0x080009de   0x00000042   Code   RO         2618    i.GPIO_PinMode      main.o
    0x08000a20   0x08000a20   0x00000004   Code   RO          486    i.GPIO_ResetBits    stm32f4xx_gpio.o
    0x08000a24   0x08000a24   0x00000004   Code   RO         2756    i.HardFault_Handler  stm32f4xx_it.o
    0x08000a28   0x08000a28   0x00000004   Code   RO         2757    i.MemManage_Handler  stm32f4xx_it.o
    0x08000a2c   0x08000a2c   0x00000078   Code   RO         2619    i.Move_Down_Release  main.o
    0x08000aa4   0x08000aa4   0x00000078   Code   RO         2620    i.Move_Up_Release   main.o
    0x08000b1c   0x08000b1c   0x00000002   Code   RO         2758    i.NMI_Handler       stm32f4xx_it.o
    0x08000b1e   0x08000b1e   0x00000002   PAD
    0x08000b20   0x08000b20   0x00000078   Code   RO           13    i.NVIC_Init         misc.o
    0x08000b98   0x08000b98   0x00000014   Code   RO           14    i.NVIC_PriorityGroupConfig  misc.o
    0x08000bac   0x08000bac   0x00000114   Code   RO         2621    i.PID_DY_UPDATE     main.o
    0x08000cc0   0x08000cc0   0x00000002   Code   RO         2759    i.PendSV_Handler    stm32f4xx_it.o
    0x08000cc2   0x08000cc2   0x00000002   PAD
    0x08000cc4   0x08000cc4   0x00000020   Code   RO          580    i.RCC_AHB1PeriphClockCmd  stm32f4xx_rcc.o
    0x08000ce4   0x08000ce4   0x00000020   Code   RO          589    i.RCC_APB1PeriphClockCmd  stm32f4xx_rcc.o
    0x08000d04   0x08000d04   0x00000020   Code   RO          591    i.RCC_APB1PeriphResetCmd  stm32f4xx_rcc.o
    0x08000d24   0x08000d24   0x00000020   Code   RO          594    i.RCC_APB2PeriphResetCmd  stm32f4xx_rcc.o
    0x08000d44   0x08000d44   0x000000e8   Code   RO          601    i.RCC_GetClocksFreq  stm32f4xx_rcc.o
    0x08000e2c   0x08000e2c   0x00000002   Code   RO         2760    i.SVC_Handler       stm32f4xx_it.o
    0x08000e2e   0x08000e2e   0x00000002   PAD
    0x08000e30   0x08000e30   0x000000ec   Code   RO         2838    i.SetSysClock       system_stm32f4xx.o
    0x08000f1c   0x08000f1c   0x00000008   Code   RO         2761    i.SysTick_Handler   stm32f4xx_it.o
    0x08000f24   0x08000f24   0x00000068   Code   RO         2840    i.SystemInit        system_stm32f4xx.o
    0x08000f8c   0x08000f8c   0x0000003a   Code   RO          978    i.TI1_Config        stm32f4xx_tim.o
    0x08000fc6   0x08000fc6   0x00000050   Code   RO          979    i.TI2_Config        stm32f4xx_tim.o
    0x08001016   0x08001016   0x00000048   Code   RO          980    i.TI3_Config        stm32f4xx_tim.o
    0x0800105e   0x0800105e   0x00000050   Code   RO          981    i.TI4_Config        stm32f4xx_tim.o
    0x080010ae   0x080010ae   0x00000002   PAD
    0x080010b0   0x080010b0   0x000000b4   Code   RO         2622    i.TIM4_IRQHandler   main.o
    0x08001164   0x08001164   0x00000018   Code   RO          982    i.TIM_ARRPreloadConfig  stm32f4xx_tim.o
    0x0800117c   0x0800117c   0x00000006   Code   RO          988    i.TIM_ClearFlag     stm32f4xx_tim.o
    0x08001182   0x08001182   0x00000006   Code   RO          989    i.TIM_ClearITPendingBit  stm32f4xx_tim.o
    0x08001188   0x08001188   0x00000018   Code   RO          994    i.TIM_Cmd           stm32f4xx_tim.o
    0x080011a0   0x080011a0   0x0000001e   Code   RO          996    i.TIM_CtrlPWMOutputs  stm32f4xx_tim.o
    0x080011be   0x080011be   0x00000002   PAD
    0x080011c0   0x080011c0   0x00000190   Code   RO          999    i.TIM_DeInit        stm32f4xx_tim.o
    0x08001350   0x08001350   0x00000042   Code   RO         1003    i.TIM_EncoderInterfaceConfig  stm32f4xx_tim.o
    0x08001392   0x08001392   0x00000022   Code   RO         1015    i.TIM_GetITStatus   stm32f4xx_tim.o
    0x080013b4   0x080013b4   0x0000006e   Code   RO         1017    i.TIM_ICInit        stm32f4xx_tim.o
    0x08001422   0x08001422   0x00000012   Code   RO         1018    i.TIM_ICStructInit  stm32f4xx_tim.o
    0x08001434   0x08001434   0x00000012   Code   RO         1019    i.TIM_ITConfig      stm32f4xx_tim.o
    0x08001446   0x08001446   0x00000002   PAD
    0x08001448   0x08001448   0x0000007c   Code   RO         1023    i.TIM_OC1Init       stm32f4xx_tim.o
    0x080014c4   0x080014c4   0x00000012   Code   RO         1026    i.TIM_OC1PreloadConfig  stm32f4xx_tim.o
    0x080014d6   0x080014d6   0x00000002   PAD
    0x080014d8   0x080014d8   0x000000a4   Code   RO         1028    i.TIM_OC2Init       stm32f4xx_tim.o
    0x0800157c   0x0800157c   0x0000001a   Code   RO         1031    i.TIM_OC2PreloadConfig  stm32f4xx_tim.o
    0x08001596   0x08001596   0x00000002   PAD
    0x08001598   0x08001598   0x000000a0   Code   RO         1033    i.TIM_OC3Init       stm32f4xx_tim.o
    0x08001638   0x08001638   0x00000012   Code   RO         1036    i.TIM_OC3PreloadConfig  stm32f4xx_tim.o
    0x0800164a   0x0800164a   0x00000002   PAD
    0x0800164c   0x0800164c   0x00000078   Code   RO         1038    i.TIM_OC4Init       stm32f4xx_tim.o
    0x080016c4   0x080016c4   0x0000001a   Code   RO         1040    i.TIM_OC4PreloadConfig  stm32f4xx_tim.o
    0x080016de   0x080016de   0x00000004   Code   RO         1060    i.TIM_SetCounter    stm32f4xx_tim.o
    0x080016e2   0x080016e2   0x00000012   Code   RO         1061    i.TIM_SetIC1Prescaler  stm32f4xx_tim.o
    0x080016f4   0x080016f4   0x0000001a   Code   RO         1062    i.TIM_SetIC2Prescaler  stm32f4xx_tim.o
    0x0800170e   0x0800170e   0x00000012   Code   RO         1063    i.TIM_SetIC3Prescaler  stm32f4xx_tim.o
    0x08001720   0x08001720   0x0000001a   Code   RO         1064    i.TIM_SetIC4Prescaler  stm32f4xx_tim.o
    0x0800173a   0x0800173a   0x00000002   PAD
    0x0800173c   0x0800173c   0x00000084   Code   RO         1066    i.TIM_TimeBaseInit  stm32f4xx_tim.o
    0x080017c0   0x080017c0   0x00000012   Code   RO         1067    i.TIM_TimeBaseStructInit  stm32f4xx_tim.o
    0x080017d2   0x080017d2   0x00000002   PAD
    0x080017d4   0x080017d4   0x00000014   Code   RO         1738    i.TM_ADC_INT_Channel_0_Init  tm_stm32f4_adc.o
    0x080017e8   0x080017e8   0x00000014   Code   RO         1739    i.TM_ADC_INT_Channel_10_Init  tm_stm32f4_adc.o
    0x080017fc   0x080017fc   0x00000014   Code   RO         1740    i.TM_ADC_INT_Channel_11_Init  tm_stm32f4_adc.o
    0x08001810   0x08001810   0x00000014   Code   RO         1741    i.TM_ADC_INT_Channel_12_Init  tm_stm32f4_adc.o
    0x08001824   0x08001824   0x00000014   Code   RO         1742    i.TM_ADC_INT_Channel_13_Init  tm_stm32f4_adc.o
    0x08001838   0x08001838   0x0000003c   Code   RO         1743    i.TM_ADC_INT_Channel_14_Init  tm_stm32f4_adc.o
    0x08001874   0x08001874   0x00000040   Code   RO         1744    i.TM_ADC_INT_Channel_15_Init  tm_stm32f4_adc.o
    0x080018b4   0x080018b4   0x00000014   Code   RO         1745    i.TM_ADC_INT_Channel_1_Init  tm_stm32f4_adc.o
    0x080018c8   0x080018c8   0x00000014   Code   RO         1746    i.TM_ADC_INT_Channel_2_Init  tm_stm32f4_adc.o
    0x080018dc   0x080018dc   0x00000014   Code   RO         1747    i.TM_ADC_INT_Channel_3_Init  tm_stm32f4_adc.o
    0x080018f0   0x080018f0   0x0000003c   Code   RO         1748    i.TM_ADC_INT_Channel_4_Init  tm_stm32f4_adc.o
    0x0800192c   0x0800192c   0x0000003c   Code   RO         1749    i.TM_ADC_INT_Channel_5_Init  tm_stm32f4_adc.o
    0x08001968   0x08001968   0x0000003c   Code   RO         1750    i.TM_ADC_INT_Channel_6_Init  tm_stm32f4_adc.o
    0x080019a4   0x080019a4   0x0000003c   Code   RO         1751    i.TM_ADC_INT_Channel_7_Init  tm_stm32f4_adc.o
    0x080019e0   0x080019e0   0x0000003c   Code   RO         1752    i.TM_ADC_INT_Channel_8_Init  tm_stm32f4_adc.o
    0x08001a1c   0x08001a1c   0x0000003c   Code   RO         1753    i.TM_ADC_INT_Channel_9_Init  tm_stm32f4_adc.o
    0x08001a58   0x08001a58   0x0000001c   Code   RO         1754    i.TM_ADC_INT_InitPin  tm_stm32f4_adc.o
    0x08001a74   0x08001a74   0x000000cc   Code   RO         1755    i.TM_ADC_Init       tm_stm32f4_adc.o
    0x08001b40   0x08001b40   0x000000a0   Code   RO         1756    i.TM_ADC_InitADC    tm_stm32f4_adc.o
    0x08001be0   0x08001be0   0x0000003a   Code   RO         1757    i.TM_ADC_Read       tm_stm32f4_adc.o
    0x08001c1a   0x08001c1a   0x00000002   PAD
    0x08001c1c   0x08001c1c   0x00000088   Code   RO         1903    i.TM_DELAY_Init     tm_stm32f4_delay.o
    0x08001ca4   0x08001ca4   0x0000000e   Code   RO         2373    i.TM_GPIO_GetPortSource  tm_stm32f4_gpio.o
    0x08001cb2   0x08001cb2   0x00000002   PAD
    0x08001cb4   0x08001cb4   0x00000020   Code   RO         2376    i.TM_GPIO_INT_EnableClock  tm_stm32f4_gpio.o
    0x08001cd4   0x08001cd4   0x000000b0   Code   RO         2377    i.TM_GPIO_INT_Init  tm_stm32f4_gpio.o
    0x08001d84   0x08001d84   0x00000030   Code   RO         2378    i.TM_GPIO_Init      tm_stm32f4_gpio.o
    0x08001db4   0x08001db4   0x0000006e   Code   RO         2379    i.TM_GPIO_InitAlternate  tm_stm32f4_gpio.o
    0x08001e22   0x08001e22   0x00000002   PAD
    0x08001e24   0x08001e24   0x0000005c   Code   RO         2486    i.TM_PWM_INT_InitTIM10Pins  tm_stm32f4_pwm.o
    0x08001e80   0x08001e80   0x0000005c   Code   RO         2487    i.TM_PWM_INT_InitTIM11Pins  tm_stm32f4_pwm.o
    0x08001edc   0x08001edc   0x000000a8   Code   RO         2488    i.TM_PWM_INT_InitTIM12Pins  tm_stm32f4_pwm.o
    0x08001f84   0x08001f84   0x00000060   Code   RO         2489    i.TM_PWM_INT_InitTIM13Pins  tm_stm32f4_pwm.o
    0x08001fe4   0x08001fe4   0x00000060   Code   RO         2490    i.TM_PWM_INT_InitTIM14Pins  tm_stm32f4_pwm.o
    0x08002044   0x08002044   0x0000012c   Code   RO         2491    i.TM_PWM_INT_InitTIM1Pins  tm_stm32f4_pwm.o
    0x08002170   0x08002170   0x00000148   Code   RO         2492    i.TM_PWM_INT_InitTIM2Pins  tm_stm32f4_pwm.o
    0x080022b8   0x080022b8   0x00000168   Code   RO         2493    i.TM_PWM_INT_InitTIM3Pins  tm_stm32f4_pwm.o
    0x08002420   0x08002420   0x0000012c   Code   RO         2494    i.TM_PWM_INT_InitTIM4Pins  tm_stm32f4_pwm.o
    0x0800254c   0x0800254c   0x00000130   Code   RO         2495    i.TM_PWM_INT_InitTIM5Pins  tm_stm32f4_pwm.o
    0x0800267c   0x0800267c   0x00000124   Code   RO         2496    i.TM_PWM_INT_InitTIM8Pins  tm_stm32f4_pwm.o
    0x080027a0   0x080027a0   0x0000009c   Code   RO         2497    i.TM_PWM_INT_InitTIM9Pins  tm_stm32f4_pwm.o
    0x0800283c   0x0800283c   0x00000110   Code   RO         2498    i.TM_PWM_InitChannel  tm_stm32f4_pwm.o
    0x0800294c   0x0800294c   0x00000120   Code   RO         2499    i.TM_PWM_InitTimer  tm_stm32f4_pwm.o
    0x08002a6c   0x08002a6c   0x000000f2   Code   RO         2500    i.TM_PWM_SetChannel  tm_stm32f4_pwm.o
    0x08002b5e   0x08002b5e   0x00000002   PAD
    0x08002b60   0x08002b60   0x00000070   Code   RO         2502    i.TM_PWM_SetChannelPercent  tm_stm32f4_pwm.o
    0x08002bd0   0x08002bd0   0x00000160   Code   RO         2053    i.TM_TIMER_PROPERTIES_EnableClock  tm_stm32f4_timer_properties.o
    0x08002d30   0x08002d30   0x000000d4   Code   RO         2054    i.TM_TIMER_PROPERTIES_GenerateDataForWorkingFrequency  tm_stm32f4_timer_properties.o
    0x08002e04   0x08002e04   0x000000cc   Code   RO         2055    i.TM_TIMER_PROPERTIES_GetTimerProperties  tm_stm32f4_timer_properties.o
    0x08002ed0   0x08002ed0   0x00000028   Code   RO         2112    i.TM_USART_INT_InsertToBuffer  tm_stm32f4_usart.o
    0x08002ef8   0x08002ef8   0x000000b0   Code   RO         1911    i.TimingDelay_Decrement  tm_stm32f4_delay.o
    0x08002fa8   0x08002fa8   0x00000046   Code   RO         2623    i.Turn_Release      main.o
    0x08002fee   0x08002fee   0x00000002   PAD
    0x08002ff0   0x08002ff0   0x00000024   Code   RO         2119    i.UART4_IRQHandler  tm_stm32f4_usart.o
    0x08003014   0x08003014   0x00000024   Code   RO         2120    i.UART5_IRQHandler  tm_stm32f4_usart.o
    0x08003038   0x08003038   0x00000024   Code   RO         2121    i.USART1_IRQHandler  tm_stm32f4_usart.o
    0x0800305c   0x0800305c   0x00000024   Code   RO         2122    i.USART2_IRQHandler  tm_stm32f4_usart.o
    0x08003080   0x08003080   0x00000024   Code   RO         2123    i.USART3_IRQHandler  tm_stm32f4_usart.o
    0x080030a4   0x080030a4   0x00000024   Code   RO         2124    i.USART6_IRQHandler  tm_stm32f4_usart.o
    0x080030c8   0x080030c8   0x00000004   Code   RO         2763    i.UsageFault_Handler  stm32f4xx_it.o
    0x080030cc   0x080030cc   0x00000154   Code   RO         2624    i.main              main.o
    0x08003220   0x08003220   0x00000098   Code   RO         2625    i.timer4_config     main.o
    0x080032b8   0x080032b8   0x00000018   Code   RO         3039    x$fpl$dcmpinf       fz_wm.l(dcmpi.o)
    0x080032d0   0x080032d0   0x000002b0   Code   RO         2945    x$fpl$ddiv          fz_wm.l(ddiv.o)
    0x08003580   0x08003580   0x00000078   Code   RO         2948    x$fpl$deqf          fz_wm.l(deqf.o)
    0x080035f8   0x080035f8   0x0000005a   Code   RO         2950    x$fpl$dfixu         fz_wm.l(dfixu.o)
    0x08003652   0x08003652   0x00000026   Code   RO         2954    x$fpl$dfltu         fz_wm.l(dflt_clz.o)
    0x08003678   0x08003678   0x00000078   Code   RO         2960    x$fpl$dleqf         fz_wm.l(dleqf.o)
    0x080036f0   0x080036f0   0x0000009c   Code   RO         3041    x$fpl$dnaninf       fz_wm.l(dnaninf.o)
    0x0800378c   0x0800378c   0x0000000c   Code   RO         3043    x$fpl$dretinf       fz_wm.l(dretinf.o)
    0x08003798   0x08003798   0x0000000a   Code   RO         3083    x$fpl$fpinit        fz_wm.l(fpinit.o)
    0x080037a2   0x080037a2   0x00000000   Code   RO         3045    x$fpl$usenofp       fz_wm.l(usenofp.o)
    0x080037a2   0x080037a2   0x00000002   PAD
    0x080037a4   0x080037a4   0x00000020   Data   RO         3168    Region$$Table       anon$$obj.o


    Execution Region ER_RW (Exec base: 0x20000000, Load base: 0x080037c4, Size: 0x000000a8, Max: 0xffffffff, ABSOLUTE)

    Exec Addr    Load Addr    Size         Type   Attr      Idx    E Section Name        Object

    0x20000000   0x080037c4   0x00000010   Data   RW          633    .data               stm32f4xx_rcc.o
    0x20000010   0x080037d4   0x00000011   Data   RW         1913    .data               tm_stm32f4_delay.o
    0x20000021   0x080037e5   0x00000003   PAD
    0x20000024   0x080037e8   0x00000060   Data   RW         2126    .data               tm_stm32f4_usart.o
    0x20000084   0x08003848   0x00000010   Data   RW         2627    .data               main.o
    0x20000094   0x08003858   0x00000014   Data   RW         2841    .data               system_stm32f4xx.o


    Execution Region ER_ZI (Exec base: 0x200000a8, Load base: 0x0800386c, Size: 0x00000840, Max: 0xffffffff, ABSOLUTE)

    Exec Addr    Load Addr    Size         Type   Attr      Idx    E Section Name        Object

    0x200000a8        -       0x00000018   Zero   RW         1912    .bss                tm_stm32f4_delay.o
    0x200000c0        -       0x000000c0   Zero   RW         2125    .bss                tm_stm32f4_usart.o
    0x20000180        -       0x00000016   Zero   RW         2386    .bss                tm_stm32f4_gpio.o
    0x20000196   0x0800386c   0x00000002   PAD
    0x20000198        -       0x000000f0   Zero   RW         2626    .bss                main.o
    0x20000288        -       0x00000060   Zero   RW         3049    .bss                c_w.l(libspace.o)
    0x200002e8        -       0x00000200   Zero   RW            2    HEAP                startup_stm32f40_41xxx.o
    0x200004e8        -       0x00000400   Zero   RW            1    STACK               startup_stm32f40_41xxx.o


==============================================================================

Image component sizes


      Code (inc. data)   RO Data    RW Data    ZI Data      Debug   Object Name

      2178        234          0         16        240      13275   main.o
       140         24          0          0          0     301451   misc.o
        64         26        392          0       1536       1044   startup_stm32f40_41xxx.o
       316         24          0          0          0       3923   stm32f4xx_adc.o
       218          0          0          0          0       2992   stm32f4xx_gpio.o
        32          0          0          0          0       4162   stm32f4xx_it.o
       360         42          0         16          0       6212   stm32f4xx_rcc.o
      1924        120          0          0          0      23830   stm32f4xx_tim.o
       340         32          0         20          0       1985   system_stm32f4xx.o
      1094        226          0          0          0      16592   tm_stm32f4_adc.o
       312         40          0         17         24      30027   tm_stm32f4_delay.o
       392         28          0          0          0       3987   tm_stm32f4_exti.o
       380         10          0          0         22       4580   tm_stm32f4_gpio.o
      3498        196          0          0          0      14892   tm_stm32f4_pwm.o
       768        122          0          0          0       4197   tm_stm32f4_timer_properties.o
       256         52          0         96        192       5372   tm_stm32f4_usart.o

    ----------------------------------------------------------------------
     12308       1176        424        168       2016     438521   Object Totals
         0          0         32          0          0          0   (incl. Generated)
        36          0          0          3          2          0   (incl. Padding)

    ----------------------------------------------------------------------

      Code (inc. data)   RO Data    RW Data    ZI Data      Debug   Library Member Name

         8          0          0          0          0         68   __main.o
         0          0          0          0          0          0   __rtentry.o
        12          0          0          0          0          0   __rtentry2.o
         6          0          0          0          0          0   __rtentry4.o
        52          8          0          0          0          0   __scatter.o
        26          0          0          0          0          0   __scatter_copy.o
        28          0          0          0          0          0   __scatter_zi.o
        18          0          0          0          0         80   exit.o
         6          0          0          0          0        152   heapauxi.o
         0          0          0          0          0          0   indicate_semi.o
         2          0          0          0          0          0   libinit.o
         6          0          0          0          0          0   libinit2.o
         2          0          0          0          0          0   libshutdown.o
         2          0          0          0          0          0   libshutdown2.o
         8          4          0          0         96         68   libspace.o
         2          0          0          0          0          0   rtexit.o
        10          0          0          0          0          0   rtexit2.o
        12          4          0          0          0         68   sys_exit.o
        74          0          0          0          0         80   sys_stackheap_outer.o
         2          0          0          0          0         68   use_no_semi.o
        24          0          0          0          0        116   dcmpi.o
       688        140          0          0          0        256   ddiv.o
       120          4          0          0          0        140   deqf.o
        90          4          0          0          0        140   dfixu.o
        38          0          0          0          0        116   dflt_clz.o
       120          4          0          0          0        140   dleqf.o
       156          4          0          0          0        140   dnaninf.o
        12          0          0          0          0        116   dretinf.o
        10          0          0          0          0        116   fpinit.o
         0          0          0          0          0          0   usenofp.o

    ----------------------------------------------------------------------
      1544        172          0          0         96       1864   Library Totals
        10          0          0          0          0          0   (incl. Padding)

    ----------------------------------------------------------------------

      Code (inc. data)   RO Data    RW Data    ZI Data      Debug   Library Name

       276         16          0          0         96        584   c_w.l
      1258        156          0          0          0       1280   fz_wm.l

    ----------------------------------------------------------------------
      1544        172          0          0         96       1864   Library Totals

    ----------------------------------------------------------------------

==============================================================================


      Code (inc. data)   RO Data    RW Data    ZI Data      Debug   

     13852       1348        424        168       2112     426829   Grand Totals
     13852       1348        424        168       2112     426829   ELF Image Totals
     13852       1348        424        168          0          0   ROM Totals

==============================================================================

    Total RO  Size (Code + RO Data)                14276 (  13.94kB)
    Total RW  Size (RW Data + ZI Data)              2280 (   2.23kB)
    Total ROM Size (Code + RO Data + RW Data)      14444 (  14.11kB)

==============================================================================

